[    0.000000] Initializing cgroup subsys cpuset
[    0.000000] Initializing cgroup subsys cpu
[    0.000000] Initializing cgroup subsys cpuacct
[    0.000000] Linux version 4.2.0-23-generic (buildd@lcy01-30) (gcc version 5.2.1 20151010 (Ubuntu 5.2.1-22ubuntu2) ) #28-Ubuntu SMP Sun Dec 27 17:47:31 UTC 2015 (Ubuntu 4.2.0-23.28-generic 4.2.6)
[    0.000000] Command line: BOOT_IMAGE=/vmlinuz-4.2.0-23-generic.efi.signed root=UUID=58afee27-cd20-4aa0-816b-828a756f8e57 ro quiet splash vt.handoff=7
[    0.000000] KERNEL supported cpus:
[    0.000000]   Intel GenuineIntel
[    0.000000]   AMD AuthenticAMD
[    0.000000]   Centaur CentaurHauls
[    0.000000] x86/fpu: xstate_offset[2]: 0240, xstate_sizes[2]: 0100
[    0.000000] x86/fpu: Supporting XSAVE feature 0x01: 'x87 floating point registers'
[    0.000000] x86/fpu: Supporting XSAVE feature 0x02: 'SSE registers'
[    0.000000] x86/fpu: Supporting XSAVE feature 0x04: 'AVX registers'
[    0.000000] x86/fpu: Enabled xstate features 0x7, context size is 0x340 bytes, using 'standard' format.
[    0.000000] x86/fpu: Using 'eager' FPU context switches.
[    0.000000] e820: BIOS-provided physical RAM map:
[    0.000000] BIOS-e820: [mem 0x0000000000000000-0x0000000000057fff] usable
[    0.000000] BIOS-e820: [mem 0x0000000000058000-0x0000000000058fff] reserved
[    0.000000] BIOS-e820: [mem 0x0000000000059000-0x000000000009dfff] usable
[    0.000000] BIOS-e820: [mem 0x000000000009e000-0x000000000009ffff] reserved
[    0.000000] BIOS-e820: [mem 0x0000000000100000-0x00000000bb5dafff] usable
[    0.000000] BIOS-e820: [mem 0x00000000bb5db000-0x00000000bb96efff] reserved
[    0.000000] BIOS-e820: [mem 0x00000000bb96f000-0x00000000c9b69fff] usable
[    0.000000] BIOS-e820: [mem 0x00000000c9b6a000-0x00000000ca37cfff] reserved
[    0.000000] BIOS-e820: [mem 0x00000000ca37d000-0x00000000ca3aafff] ACPI data
[    0.000000] BIOS-e820: [mem 0x00000000ca3ab000-0x00000000cad12fff] ACPI NVS
[    0.000000] BIOS-e820: [mem 0x00000000cad13000-0x00000000caffefff] reserved
[    0.000000] BIOS-e820: [mem 0x00000000cafff000-0x00000000caffffff] usable
[    0.000000] BIOS-e820: [mem 0x00000000cb800000-0x00000000cf9fffff] reserved
[    0.000000] BIOS-e820: [mem 0x00000000f8000000-0x00000000fbffffff] reserved
[    0.000000] BIOS-e820: [mem 0x00000000fec00000-0x00000000fec00fff] reserved
[    0.000000] BIOS-e820: [mem 0x00000000fed00000-0x00000000fed03fff] reserved
[    0.000000] BIOS-e820: [mem 0x00000000fed1c000-0x00000000fed1ffff] reserved
[    0.000000] BIOS-e820: [mem 0x00000000fee00000-0x00000000fee00fff] reserved
[    0.000000] BIOS-e820: [mem 0x00000000ff000000-0x00000000ffffffff] reserved
[    0.000000] BIOS-e820: [mem 0x0000000100000000-0x000000042f5fffff] usable
[    0.000000] NX (Execute Disable) protection: active
[    0.000000] e820: update [mem 0xba484018-0xba49f057] usable ==> usable
[    0.000000] e820: update [mem 0xba473018-0xba483057] usable ==> usable
[    0.000000] extended physical RAM map:
[    0.000000] reserve setup_data: [mem 0x0000000000000000-0x0000000000057fff] usable
[    0.000000] reserve setup_data: [mem 0x0000000000058000-0x0000000000058fff] reserved
[    0.000000] reserve setup_data: [mem 0x0000000000059000-0x000000000009dfff] usable
[    0.000000] reserve setup_data: [mem 0x000000000009e000-0x000000000009ffff] reserved
[    0.000000] reserve setup_data: [mem 0x0000000000100000-0x00000000ba473017] usable
[    0.000000] reserve setup_data: [mem 0x00000000ba473018-0x00000000ba483057] usable
[    0.000000] reserve setup_data: [mem 0x00000000ba483058-0x00000000ba484017] usable
[    0.000000] reserve setup_data: [mem 0x00000000ba484018-0x00000000ba49f057] usable
[    0.000000] reserve setup_data: [mem 0x00000000ba49f058-0x00000000bb5dafff] usable
[    0.000000] reserve setup_data: [mem 0x00000000bb5db000-0x00000000bb96efff] reserved
[    0.000000] reserve setup_data: [mem 0x00000000bb96f000-0x00000000c9b69fff] usable
[    0.000000] reserve setup_data: [mem 0x00000000c9b6a000-0x00000000ca37cfff] reserved
[    0.000000] reserve setup_data: [mem 0x00000000ca37d000-0x00000000ca3aafff] ACPI data
[    0.000000] reserve setup_data: [mem 0x00000000ca3ab000-0x00000000cad12fff] ACPI NVS
[    0.000000] reserve setup_data: [mem 0x00000000cad13000-0x00000000caffefff] reserved
[    0.000000] reserve setup_data: [mem 0x00000000cafff000-0x00000000caffffff] usable
[    0.000000] reserve setup_data: [mem 0x00000000cb800000-0x00000000cf9fffff] reserved
[    0.000000] reserve setup_data: [mem 0x00000000f8000000-0x00000000fbffffff] reserved
[    0.000000] reserve setup_data: [mem 0x00000000fec00000-0x00000000fec00fff] reserved
[    0.000000] reserve setup_data: [mem 0x00000000fed00000-0x00000000fed03fff] reserved
[    0.000000] reserve setup_data: [mem 0x00000000fed1c000-0x00000000fed1ffff] reserved
[    0.000000] reserve setup_data: [mem 0x00000000fee00000-0x00000000fee00fff] reserved
[    0.000000] reserve setup_data: [mem 0x00000000ff000000-0x00000000ffffffff] reserved
[    0.000000] reserve setup_data: [mem 0x0000000100000000-0x000000042f5fffff] usable
[    0.000000] efi: EFI v2.40 by American Megatrends
[    0.000000] efi:  ESRT=0xcaf97218  ACPI=0xca386000  ACPI 2.0=0xca386000  SMBIOS=0xcaee3e18 
[    0.000000] esrt: Reserving ESRT space from 0x00000000caf97218 to 0x00000000caf97250.
[    0.000000] SMBIOS 2.8 present.
[    0.000000] DMI: Alienware Alienware 15/Alienware 15, BIOS A06 07/24/2015
[    0.000000] e820: update [mem 0x00000000-0x00000fff] usable ==> reserved
[    0.000000] e820: remove [mem 0x000a0000-0x000fffff] usable
[    0.000000] e820: last_pfn = 0x42f600 max_arch_pfn = 0x400000000
[    0.000000] MTRR default type: uncachable
[    0.000000] MTRR fixed ranges enabled:
[    0.000000]   00000-9FFFF write-back
[    0.000000]   A0000-EFFFF uncachable
[    0.000000]   F0000-FFFFF write-protect
[    0.000000] MTRR variable ranges enabled:
[    0.000000]   0 base 0000000000 mask 7C00000000 write-back
[    0.000000]   1 base 0400000000 mask 7FC0000000 write-back
[    0.000000]   2 base 0430000000 mask 7FF0000000 uncachable
[    0.000000]   3 base 042F800000 mask 7FFF800000 uncachable
[    0.000000]   4 base 042F600000 mask 7FFFE00000 uncachable
[    0.000000]   5 base 00E0000000 mask 7FE0000000 uncachable
[    0.000000]   6 base 00D0000000 mask 7FF0000000 uncachable
[    0.000000]   7 base 00CC000000 mask 7FFC000000 uncachable
[    0.000000]   8 base 00CB800000 mask 7FFF800000 uncachable
[    0.000000]   9 disabled
[    0.000000] x86/PAT: Configuration [0-7]: WB  WC  UC- UC  WB  WC  UC- WT  
[    0.000000] original variable MTRRs
[    0.000000] reg 0, base: 0GB, range: 16GB, type WB
[    0.000000] reg 1, base: 16GB, range: 1GB, type WB
[    0.000000] reg 2, base: 17152MB, range: 256MB, type UC
[    0.000000] reg 3, base: 17144MB, range: 8MB, type UC
[    0.000000] reg 4, base: 17142MB, range: 2MB, type UC
[    0.000000] reg 5, base: 3584MB, range: 512MB, type UC
[    0.000000] reg 6, base: 3328MB, range: 256MB, type UC
[    0.000000] reg 7, base: 3264MB, range: 64MB, type UC
[    0.000000] reg 8, base: 3256MB, range: 8MB, type UC
[    0.000000] total RAM covered: 16302M
[    0.000000]  gran_size: 64K 	chunk_size: 64K 	num_reg: 10  	lose cover RAM: 118M
[    0.000000]  gran_size: 64K 	chunk_size: 128K 	num_reg: 10  	lose cover RAM: 118M
[    0.000000]  gran_size: 64K 	chunk_size: 256K 	num_reg: 10  	lose cover RAM: 118M
[    0.000000]  gran_size: 64K 	chunk_size: 512K 	num_reg: 10  	lose cover RAM: 118M
[    0.000000]  gran_size: 64K 	chunk_size: 1M 	num_reg: 10  	lose cover RAM: 118M
[    0.000000]  gran_size: 64K 	chunk_size: 2M 	num_reg: 10  	lose cover RAM: 118M
[    0.000000]  gran_size: 64K 	chunk_size: 4M 	num_reg: 10  	lose cover RAM: 118M
[    0.000000]  gran_size: 64K 	chunk_size: 8M 	num_reg: 10  	lose cover RAM: 118M
[    0.000000] *BAD*gran_size: 64K 	chunk_size: 16M 	num_reg: 10  	lose cover RAM: -8M
[    0.000000] *BAD*gran_size: 64K 	chunk_size: 32M 	num_reg: 10  	lose cover RAM: -8M
[    0.000000] *BAD*gran_size: 64K 	chunk_size: 64M 	num_reg: 10  	lose cover RAM: -8M
[    0.000000] *BAD*gran_size: 64K 	chunk_size: 128M 	num_reg: 10  	lose cover RAM: -8M
[    0.000000] *BAD*gran_size: 64K 	chunk_size: 256M 	num_reg: 10  	lose cover RAM: -8M
[    0.000000] *BAD*gran_size: 64K 	chunk_size: 512M 	num_reg: 10  	lose cover RAM: -264M
[    0.000000] *BAD*gran_size: 64K 	chunk_size: 1G 	num_reg: 10  	lose cover RAM: -256M
[    0.000000] *BAD*gran_size: 64K 	chunk_size: 2G 	num_reg: 10  	lose cover RAM: -1280M
[    0.000000]  gran_size: 128K 	chunk_size: 128K 	num_reg: 10  	lose cover RAM: 118M
[    0.000000]  gran_size: 128K 	chunk_size: 256K 	num_reg: 10  	lose cover RAM: 118M
[    0.000000]  gran_size: 128K 	chunk_size: 512K 	num_reg: 10  	lose cover RAM: 118M
[    0.000000]  gran_size: 128K 	chunk_size: 1M 	num_reg: 10  	lose cover RAM: 118M
[    0.000000]  gran_size: 128K 	chunk_size: 2M 	num_reg: 10  	lose cover RAM: 118M
[    0.000000]  gran_size: 128K 	chunk_size: 4M 	num_reg: 10  	lose cover RAM: 118M
[    0.000000]  gran_size: 128K 	chunk_size: 8M 	num_reg: 10  	lose cover RAM: 118M
[    0.000000] *BAD*gran_size: 128K 	chunk_size: 16M 	num_reg: 10  	lose cover RAM: -8M
[    0.000000] *BAD*gran_size: 128K 	chunk_size: 32M 	num_reg: 10  	lose cover RAM: -8M
[    0.000000] *BAD*gran_size: 128K 	chunk_size: 64M 	num_reg: 10  	lose cover RAM: -8M
[    0.000000] *BAD*gran_size: 128K 	chunk_size: 128M 	num_reg: 10  	lose cover RAM: -8M
[    0.000000] *BAD*gran_size: 128K 	chunk_size: 256M 	num_reg: 10  	lose cover RAM: -8M
[    0.000000] *BAD*gran_size: 128K 	chunk_size: 512M 	num_reg: 10  	lose cover RAM: -264M
[    0.000000] *BAD*gran_size: 128K 	chunk_size: 1G 	num_reg: 10  	lose cover RAM: -256M
[    0.000000] *BAD*gran_size: 128K 	chunk_size: 2G 	num_reg: 10  	lose cover RAM: -1280M
[    0.000000]  gran_size: 256K 	chunk_size: 256K 	num_reg: 10  	lose cover RAM: 118M
[    0.000000]  gran_size: 256K 	chunk_size: 512K 	num_reg: 10  	lose cover RAM: 118M
[    0.000000]  gran_size: 256K 	chunk_size: 1M 	num_reg: 10  	lose cover RAM: 118M
[    0.000000]  gran_size: 256K 	chunk_size: 2M 	num_reg: 10  	lose cover RAM: 118M
[    0.000000]  gran_size: 256K 	chunk_size: 4M 	num_reg: 10  	lose cover RAM: 118M
[    0.000000]  gran_size: 256K 	chunk_size: 8M 	num_reg: 10  	lose cover RAM: 118M
[    0.000000] *BAD*gran_size: 256K 	chunk_size: 16M 	num_reg: 10  	lose cover RAM: -8M
[    0.000000] *BAD*gran_size: 256K 	chunk_size: 32M 	num_reg: 10  	lose cover RAM: -8M
[    0.000000] *BAD*gran_size: 256K 	chunk_size: 64M 	num_reg: 10  	lose cover RAM: -8M
[    0.000000] *BAD*gran_size: 256K 	chunk_size: 128M 	num_reg: 10  	lose cover RAM: -8M
[    0.000000] *BAD*gran_size: 256K 	chunk_size: 256M 	num_reg: 10  	lose cover RAM: -8M
[    0.000000] *BAD*gran_size: 256K 	chunk_size: 512M 	num_reg: 10  	lose cover RAM: -264M
[    0.000000] *BAD*gran_size: 256K 	chunk_size: 1G 	num_reg: 10  	lose cover RAM: -256M
[    0.000000] *BAD*gran_size: 256K 	chunk_size: 2G 	num_reg: 10  	lose cover RAM: -1280M
[    0.000000]  gran_size: 512K 	chunk_size: 512K 	num_reg: 10  	lose cover RAM: 118M
[    0.000000]  gran_size: 512K 	chunk_size: 1M 	num_reg: 10  	lose cover RAM: 118M
[    0.000000]  gran_size: 512K 	chunk_size: 2M 	num_reg: 10  	lose cover RAM: 118M
[    0.000000]  gran_size: 512K 	chunk_size: 4M 	num_reg: 10  	lose cover RAM: 118M
[    0.000000]  gran_size: 512K 	chunk_size: 8M 	num_reg: 10  	lose cover RAM: 118M
[    0.000000] *BAD*gran_size: 512K 	chunk_size: 16M 	num_reg: 10  	lose cover RAM: -8M
[    0.000000] *BAD*gran_size: 512K 	chunk_size: 32M 	num_reg: 10  	lose cover RAM: -8M
[    0.000000] *BAD*gran_size: 512K 	chunk_size: 64M 	num_reg: 10  	lose cover RAM: -8M
[    0.000000] *BAD*gran_size: 512K 	chunk_size: 128M 	num_reg: 10  	lose cover RAM: -8M
[    0.000000] *BAD*gran_size: 512K 	chunk_size: 256M 	num_reg: 10  	lose cover RAM: -8M
[    0.000000] *BAD*gran_size: 512K 	chunk_size: 512M 	num_reg: 10  	lose cover RAM: -264M
[    0.000000] *BAD*gran_size: 512K 	chunk_size: 1G 	num_reg: 10  	lose cover RAM: -256M
[    0.000000] *BAD*gran_size: 512K 	chunk_size: 2G 	num_reg: 10  	lose cover RAM: -1280M
[    0.000000]  gran_size: 1M 	chunk_size: 1M 	num_reg: 10  	lose cover RAM: 118M
[    0.000000]  gran_size: 1M 	chunk_size: 2M 	num_reg: 10  	lose cover RAM: 118M
[    0.000000]  gran_size: 1M 	chunk_size: 4M 	num_reg: 10  	lose cover RAM: 118M
[    0.000000]  gran_size: 1M 	chunk_size: 8M 	num_reg: 10  	lose cover RAM: 118M
[    0.000000] *BAD*gran_size: 1M 	chunk_size: 16M 	num_reg: 10  	lose cover RAM: -8M
[    0.000000] *BAD*gran_size: 1M 	chunk_size: 32M 	num_reg: 10  	lose cover RAM: -8M
[    0.000000] *BAD*gran_size: 1M 	chunk_size: 64M 	num_reg: 10  	lose cover RAM: -8M
[    0.000000] *BAD*gran_size: 1M 	chunk_size: 128M 	num_reg: 10  	lose cover RAM: -8M
[    0.000000] *BAD*gran_size: 1M 	chunk_size: 256M 	num_reg: 10  	lose cover RAM: -8M
[    0.000000] *BAD*gran_size: 1M 	chunk_size: 512M 	num_reg: 10  	lose cover RAM: -264M
[    0.000000] *BAD*gran_size: 1M 	chunk_size: 1G 	num_reg: 10  	lose cover RAM: -256M
[    0.000000] *BAD*gran_size: 1M 	chunk_size: 2G 	num_reg: 10  	lose cover RAM: -1280M
[    0.000000]  gran_size: 2M 	chunk_size: 2M 	num_reg: 10  	lose cover RAM: 118M
[    0.000000]  gran_size: 2M 	chunk_size: 4M 	num_reg: 10  	lose cover RAM: 118M
[    0.000000]  gran_size: 2M 	chunk_size: 8M 	num_reg: 10  	lose cover RAM: 118M
[    0.000000] *BAD*gran_size: 2M 	chunk_size: 16M 	num_reg: 10  	lose cover RAM: -8M
[    0.000000] *BAD*gran_size: 2M 	chunk_size: 32M 	num_reg: 10  	lose cover RAM: -8M
[    0.000000] *BAD*gran_size: 2M 	chunk_size: 64M 	num_reg: 10  	lose cover RAM: -8M
[    0.000000] *BAD*gran_size: 2M 	chunk_size: 128M 	num_reg: 10  	lose cover RAM: -8M
[    0.000000] *BAD*gran_size: 2M 	chunk_size: 256M 	num_reg: 10  	lose cover RAM: -8M
[    0.000000] *BAD*gran_size: 2M 	chunk_size: 512M 	num_reg: 10  	lose cover RAM: -264M
[    0.000000] *BAD*gran_size: 2M 	chunk_size: 1G 	num_reg: 10  	lose cover RAM: -256M
[    0.000000] *BAD*gran_size: 2M 	chunk_size: 2G 	num_reg: 10  	lose cover RAM: -1280M
[    0.000000]  gran_size: 4M 	chunk_size: 4M 	num_reg: 10  	lose cover RAM: 118M
[    0.000000]  gran_size: 4M 	chunk_size: 8M 	num_reg: 10  	lose cover RAM: 118M
[    0.000000] *BAD*gran_size: 4M 	chunk_size: 16M 	num_reg: 10  	lose cover RAM: -6M
[    0.000000] *BAD*gran_size: 4M 	chunk_size: 32M 	num_reg: 10  	lose cover RAM: -6M
[    0.000000] *BAD*gran_size: 4M 	chunk_size: 64M 	num_reg: 10  	lose cover RAM: -6M
[    0.000000] *BAD*gran_size: 4M 	chunk_size: 128M 	num_reg: 10  	lose cover RAM: -6M
[    0.000000] *BAD*gran_size: 4M 	chunk_size: 256M 	num_reg: 10  	lose cover RAM: -6M
[    0.000000] *BAD*gran_size: 4M 	chunk_size: 512M 	num_reg: 10  	lose cover RAM: -262M
[    0.000000] *BAD*gran_size: 4M 	chunk_size: 1G 	num_reg: 10  	lose cover RAM: -254M
[    0.000000] *BAD*gran_size: 4M 	chunk_size: 2G 	num_reg: 10  	lose cover RAM: -1278M
[    0.000000]  gran_size: 8M 	chunk_size: 8M 	num_reg: 10  	lose cover RAM: 118M
[    0.000000]  gran_size: 8M 	chunk_size: 16M 	num_reg: 10  	lose cover RAM: 54M
[    0.000000]  gran_size: 8M 	chunk_size: 32M 	num_reg: 10  	lose cover RAM: 6M
[    0.000000]  gran_size: 8M 	chunk_size: 64M 	num_reg: 10  	lose cover RAM: 6M
[    0.000000]  gran_size: 8M 	chunk_size: 128M 	num_reg: 10  	lose cover RAM: 6M
[    0.000000]  gran_size: 8M 	chunk_size: 256M 	num_reg: 10  	lose cover RAM: 6M
[    0.000000] *BAD*gran_size: 8M 	chunk_size: 512M 	num_reg: 10  	lose cover RAM: -250M
[    0.000000]  gran_size: 8M 	chunk_size: 1G 	num_reg: 10  	lose cover RAM: 6M
[    0.000000] *BAD*gran_size: 8M 	chunk_size: 2G 	num_reg: 10  	lose cover RAM: -1018M
[    0.000000]  gran_size: 16M 	chunk_size: 16M 	num_reg: 10  	lose cover RAM: 62M
[    0.000000]  gran_size: 16M 	chunk_size: 32M 	num_reg: 10  	lose cover RAM: 14M
[    0.000000]  gran_size: 16M 	chunk_size: 64M 	num_reg: 10  	lose cover RAM: 14M
[    0.000000]  gran_size: 16M 	chunk_size: 128M 	num_reg: 10  	lose cover RAM: 14M
[    0.000000]  gran_size: 16M 	chunk_size: 256M 	num_reg: 10  	lose cover RAM: 14M
[    0.000000] *BAD*gran_size: 16M 	chunk_size: 512M 	num_reg: 10  	lose cover RAM: -242M
[    0.000000]  gran_size: 16M 	chunk_size: 1G 	num_reg: 10  	lose cover RAM: 14M
[    0.000000] *BAD*gran_size: 16M 	chunk_size: 2G 	num_reg: 10  	lose cover RAM: -1010M
[    0.000000]  gran_size: 32M 	chunk_size: 32M 	num_reg: 10  	lose cover RAM: 46M
[    0.000000]  gran_size: 32M 	chunk_size: 64M 	num_reg: 10  	lose cover RAM: 46M
[    0.000000]  gran_size: 32M 	chunk_size: 128M 	num_reg: 10  	lose cover RAM: 46M
[    0.000000]  gran_size: 32M 	chunk_size: 256M 	num_reg: 10  	lose cover RAM: 46M
[    0.000000] *BAD*gran_size: 32M 	chunk_size: 512M 	num_reg: 10  	lose cover RAM: -210M
[    0.000000]  gran_size: 32M 	chunk_size: 1G 	num_reg: 10  	lose cover RAM: 46M
[    0.000000] *BAD*gran_size: 32M 	chunk_size: 2G 	num_reg: 10  	lose cover RAM: -978M
[    0.000000]  gran_size: 64M 	chunk_size: 64M 	num_reg: 8  	lose cover RAM: 110M
[    0.000000]  gran_size: 64M 	chunk_size: 128M 	num_reg: 8  	lose cover RAM: 110M
[    0.000000]  gran_size: 64M 	chunk_size: 256M 	num_reg: 9  	lose cover RAM: 110M
[    0.000000]  gran_size: 64M 	chunk_size: 512M 	num_reg: 10  	lose cover RAM: 110M
[    0.000000]  gran_size: 64M 	chunk_size: 1G 	num_reg: 9  	lose cover RAM: 110M
[    0.000000]  gran_size: 64M 	chunk_size: 2G 	num_reg: 10  	lose cover RAM: 110M
[    0.000000]  gran_size: 128M 	chunk_size: 128M 	num_reg: 7  	lose cover RAM: 174M
[    0.000000]  gran_size: 128M 	chunk_size: 256M 	num_reg: 9  	lose cover RAM: 174M
[    0.000000]  gran_size: 128M 	chunk_size: 512M 	num_reg: 10  	lose cover RAM: 174M
[    0.000000]  gran_size: 128M 	chunk_size: 1G 	num_reg: 9  	lose cover RAM: 174M
[    0.000000]  gran_size: 128M 	chunk_size: 2G 	num_reg: 10  	lose cover RAM: 174M
[    0.000000]  gran_size: 256M 	chunk_size: 256M 	num_reg: 5  	lose cover RAM: 430M
[    0.000000]  gran_size: 256M 	chunk_size: 512M 	num_reg: 5  	lose cover RAM: 430M
[    0.000000]  gran_size: 256M 	chunk_size: 1G 	num_reg: 6  	lose cover RAM: 430M
[    0.000000]  gran_size: 256M 	chunk_size: 2G 	num_reg: 7  	lose cover RAM: 430M
[    0.000000]  gran_size: 512M 	chunk_size: 512M 	num_reg: 5  	lose cover RAM: 430M
[    0.000000]  gran_size: 512M 	chunk_size: 1G 	num_reg: 6  	lose cover RAM: 430M
[    0.000000]  gran_size: 512M 	chunk_size: 2G 	num_reg: 7  	lose cover RAM: 430M
[    0.000000]  gran_size: 1G 	chunk_size: 1G 	num_reg: 4  	lose cover RAM: 942M
[    0.000000]  gran_size: 1G 	chunk_size: 2G 	num_reg: 4  	lose cover RAM: 942M
[    0.000000]  gran_size: 2G 	chunk_size: 2G 	num_reg: 3  	lose cover RAM: 1966M
[    0.000000] mtrr_cleanup: can not find optimal value
[    0.000000] please specify mtrr_gran_size/mtrr_chunk_size
[    0.000000] e820: update [mem 0xcb800000-0xffffffff] usable ==> reserved
[    0.000000] e820: last_pfn = 0xcb000 max_arch_pfn = 0x400000000
[    0.000000] Scanning 1 areas for low memory corruption
[    0.000000] Base memory trampoline at [ffff880000098000] 98000 size 24576
[    0.000000] Using GB pages for direct mapping
[    0.000000] init_memory_mapping: [mem 0x00000000-0x000fffff]
[    0.000000]  [mem 0x00000000-0x000fffff] page 4k
[    0.000000] BRK [0x01ff0000, 0x01ff0fff] PGTABLE
[    0.000000] BRK [0x01ff1000, 0x01ff1fff] PGTABLE
[    0.000000] BRK [0x01ff2000, 0x01ff2fff] PGTABLE
[    0.000000] init_memory_mapping: [mem 0x42f400000-0x42f5fffff]
[    0.000000]  [mem 0x42f400000-0x42f5fffff] page 2M
[    0.000000] BRK [0x01ff3000, 0x01ff3fff] PGTABLE
[    0.000000] init_memory_mapping: [mem 0x420000000-0x42f3fffff]
[    0.000000]  [mem 0x420000000-0x42f3fffff] page 2M
[    0.000000] init_memory_mapping: [mem 0x400000000-0x41fffffff]
[    0.000000]  [mem 0x400000000-0x41fffffff] page 2M
[    0.000000] init_memory_mapping: [mem 0x00100000-0xbb5dafff]
[    0.000000]  [mem 0x00100000-0x001fffff] page 4k
[    0.000000]  [mem 0x00200000-0x3fffffff] page 2M
[    0.000000]  [mem 0x40000000-0x7fffffff] page 1G
[    0.000000]  [mem 0x80000000-0xbb3fffff] page 2M
[    0.000000]  [mem 0xbb400000-0xbb5dafff] page 4k
[    0.000000] init_memory_mapping: [mem 0xbb96f000-0xc9b69fff]
[    0.000000]  [mem 0xbb96f000-0xbb9fffff] page 4k
[    0.000000]  [mem 0xbba00000-0xc99fffff] page 2M
[    0.000000]  [mem 0xc9a00000-0xc9b69fff] page 4k
[    0.000000] BRK [0x01ff4000, 0x01ff4fff] PGTABLE
[    0.000000] BRK [0x01ff5000, 0x01ff5fff] PGTABLE
[    0.000000] init_memory_mapping: [mem 0xcafff000-0xcaffffff]
[    0.000000]  [mem 0xcafff000-0xcaffffff] page 4k
[    0.000000] init_memory_mapping: [mem 0x100000000-0x3ffffffff]
[    0.000000]  [mem 0x100000000-0x3ffffffff] page 1G
[    0.000000] RAMDISK: [mem 0x3dff3000-0x3fffafff]
[    0.000000] ACPI: Early table checksum verification disabled
[    0.000000] ACPI: RSDP 0x00000000CA386000 000024 (v02 ALWARE)
[    0.000000] ACPI: XSDT 0x00000000CA3860A8 0000D4 (v01 ALWARE ALIENWRE 01072009 AMI  00010013)
[    0.000000] ACPI: FACP 0x00000000CA39C278 00010C (v05 ALWARE ALIENWRE 01072009 AMI  00010013)
[    0.000000] ACPI: DSDT 0x00000000CA386210 016066 (v02 ALWARE ALIENWRE 01072009 INTL 20120913)
[    0.000000] ACPI: FACS 0x00000000CAD0DF80 000040
[    0.000000] ACPI: APIC 0x00000000CA39C388 0000BC (v03 ALWARE ALIENWRE 01072009 AMI  00010013)
[    0.000000] ACPI: FPDT 0x00000000CA39C448 000044 (v01 ALWARE ALIENWRE 01072009 AMI  00010013)
[    0.000000] ACPI: FIDT 0x00000000CA39C490 00009C (v01 ALWARE ALIENWRE 01072009 AMI  00010013)
[    0.000000] ACPI: MCFG 0x00000000CA39C530 00003C (v01 ALWARE ALIENWRE 01072009 MSFT 00000097)
[    0.000000] ACPI: HPET 0x00000000CA39C570 000038 (v01 ALWARE ALIENWRE 01072009 AMI. 00000005)
[    0.000000] ACPI: SSDT 0x00000000CA39C5A8 0003EF (v01 SataRe SataTabl 00001000 INTL 20120913)
[    0.000000] ACPI: UEFI 0x00000000CA39C998 000042 (v01                 00000000      00000000)
[    0.000000] ACPI: MSDM 0x00000000CA39C9E0 000055 (v03 ALWARE ALIENWRE 01072009 AMI  00010013)
[    0.000000] ACPI: SSDT 0x00000000CA39CA38 0004A8 (v02 Ther_R Ther_Rvp 00001000 INTL 20120913)
[    0.000000] ACPI: ASF! 0x00000000CA39CEE0 0000A0 (v32 INTEL   HCG     00000001 TFSM 000F4240)
[    0.000000] ACPI: SLIC 0x00000000CA39CF80 000176 (v01 ALWARE ALIENWRE 01072009 AMI  00010013)
[    0.000000] ACPI: SSDT 0x00000000CA39D0F8 000539 (v02 PmRef  Cpu0Ist  00003000 INTL 20120913)
[    0.000000] ACPI: SSDT 0x00000000CA39D638 000B74 (v02 CpuRef CpuSsdt  00003000 INTL 20120913)
[    0.000000] ACPI: SSDT 0x00000000CA39E1B0 003235 (v02 DptfTa DptfTabl 00001000 INTL 20120913)
[    0.000000] ACPI: SSDT 0x00000000CA3A13E8 006571 (v02 SaSsdt SaSsdt   00003000 INTL 20120913)
[    0.000000] ACPI: SSDT 0x00000000CA3A7960 00027A (v02 SgRef  SgPeg    00001000 INTL 20120913)
[    0.000000] ACPI: DMAR 0x00000000CA3A7BE0 0000B8 (v01 INTEL  BDW      00000001 INTL 00000001)
[    0.000000] ACPI: BGRT 0x00000000CA3A7C98 000038 (v01 ALWARE ALIENWRE 01072009 AMI  00010013)
[    0.000000] ACPI: UEFI 0x00000000CA3A7CD0 00063A (v01 INTEL  RstSataE 00000000 ??   00000000)
[    0.000000] ACPI: UEFI 0x00000000CA3A8310 00005C (v01 INTEL  RstSataV 00000000 ??   00000000)
[    0.000000] ACPI: SSDT 0x00000000CA3A8370 002389 (v01 OptRef OptTabl  00001000 INTL 20120913)
[    0.000000] ACPI: Local APIC address 0xfee00000
[    0.000000] No NUMA configuration found
[    0.000000] Faking a node at [mem 0x0000000000000000-0x000000042f5fffff]
[    0.000000] NODE_DATA(0) allocated [mem 0x42f5f7000-0x42f5fbfff]
[    0.000000]  [ffffea0000000000-ffffea0010bfffff] PMD -> [ffff88041ec00000-ffff88042ebfffff] on node 0
[    0.000000] Zone ranges:
[    0.000000]   DMA      [mem 0x0000000000001000-0x0000000000ffffff]
[    0.000000]   DMA32    [mem 0x0000000001000000-0x00000000ffffffff]
[    0.000000]   Normal   [mem 0x0000000100000000-0x000000042f5fffff]
[    0.000000] Movable zone start for each node
[    0.000000] Early memory node ranges
[    0.000000]   node   0: [mem 0x0000000000001000-0x0000000000057fff]
[    0.000000]   node   0: [mem 0x0000000000059000-0x000000000009dfff]
[    0.000000]   node   0: [mem 0x0000000000100000-0x00000000bb5dafff]
[    0.000000]   node   0: [mem 0x00000000bb96f000-0x00000000c9b69fff]
[    0.000000]   node   0: [mem 0x00000000cafff000-0x00000000caffffff]
[    0.000000]   node   0: [mem 0x0000000100000000-0x000000042f5fffff]
[    0.000000] Initmem setup node 0 [mem 0x0000000000001000-0x000000042f5fffff]
[    0.000000] On node 0 totalpages: 4164979
[    0.000000]   DMA zone: 64 pages used for memmap
[    0.000000]   DMA zone: 21 pages reserved
[    0.000000]   DMA zone: 3996 pages, LIFO batch:0
[    0.000000]   DMA32 zone: 12832 pages used for memmap
[    0.000000]   DMA32 zone: 821207 pages, LIFO batch:31
[    0.000000]   Normal zone: 52184 pages used for memmap
[    0.000000]   Normal zone: 3339776 pages, LIFO batch:31
[    0.000000] tboot: non-0 tboot_addr but it is not of type E820_RESERVED
[    0.000000] Reserving Intel graphics stolen memory at 0xcba00000-0xcf9fffff
[    0.000000] ACPI: PM-Timer IO Port: 0x1808
[    0.000000] ACPI: Local APIC address 0xfee00000
[    0.000000] ACPI: LAPIC_NMI (acpi_id[0x01] dfl edge lint[0xc6])
[    0.000000] ACPI: NMI not connected to LINT 1!
[    0.000000] ACPI: LAPIC_NMI (acpi_id[0x02] dfl edge lint[0x8d])
[    0.000000] ACPI: NMI not connected to LINT 1!
[    0.000000] ACPI: LAPIC_NMI (acpi_id[0x03] dfl res lint[0x90])
[    0.000000] ACPI: NMI not connected to LINT 1!
[    0.000000] ACPI: LAPIC_NMI (acpi_id[0x04] dfl dfl lint[0x8b])
[    0.000000] ACPI: NMI not connected to LINT 1!
[    0.000000] ACPI: LAPIC_NMI (acpi_id[0x05] dfl dfl lint[0x0])
[    0.000000] ACPI: NMI not connected to LINT 1!
[    0.000000] ACPI: LAPIC_NMI (acpi_id[0x06] low level lint[0x8c])
[    0.000000] ACPI: NMI not connected to LINT 1!
[    0.000000] ACPI: LAPIC_NMI (acpi_id[0x07] low level lint[0xf9])
[    0.000000] ACPI: NMI not connected to LINT 1!
[    0.000000] ACPI: LAPIC_NMI (acpi_id[0x08] dfl dfl lint[0x25])
[    0.000000] ACPI: NMI not connected to LINT 1!
[    0.000000] IOAPIC[0]: apic_id 2, version 32, address 0xfec00000, GSI 0-23
[    0.000000] ACPI: INT_SRC_OVR (bus 0 bus_irq 0 global_irq 2 dfl dfl)
[    0.000000] ACPI: INT_SRC_OVR (bus 0 bus_irq 9 global_irq 9 high level)
[    0.000000] ACPI: IRQ0 used by override.
[    0.000000] ACPI: IRQ9 used by override.
[    0.000000] Using ACPI (MADT) for SMP configuration information
[    0.000000] ACPI: HPET id: 0x8086a701 base: 0xfed00000
[    0.000000] smpboot: Allowing 8 CPUs, 0 hotplug CPUs
[    0.000000] PM: Registered nosave memory: [mem 0x00000000-0x00000fff]
[    0.000000] PM: Registered nosave memory: [mem 0x00058000-0x00058fff]
[    0.000000] PM: Registered nosave memory: [mem 0x0009e000-0x0009ffff]
[    0.000000] PM: Registered nosave memory: [mem 0x000a0000-0x000fffff]
[    0.000000] PM: Registered nosave memory: [mem 0xba473000-0xba473fff]
[    0.000000] PM: Registered nosave memory: [mem 0xba483000-0xba483fff]
[    0.000000] PM: Registered nosave memory: [mem 0xba484000-0xba484fff]
[    0.000000] PM: Registered nosave memory: [mem 0xba49f000-0xba49ffff]
[    0.000000] PM: Registered nosave memory: [mem 0xbb5db000-0xbb96efff]
[    0.000000] PM: Registered nosave memory: [mem 0xc9b6a000-0xca37cfff]
[    0.000000] PM: Registered nosave memory: [mem 0xca37d000-0xca3aafff]
[    0.000000] PM: Registered nosave memory: [mem 0xca3ab000-0xcad12fff]
[    0.000000] PM: Registered nosave memory: [mem 0xcad13000-0xcaffefff]
[    0.000000] PM: Registered nosave memory: [mem 0xcb000000-0xcb7fffff]
[    0.000000] PM: Registered nosave memory: [mem 0xcb800000-0xcf9fffff]
[    0.000000] PM: Registered nosave memory: [mem 0xcfa00000-0xf7ffffff]
[    0.000000] PM: Registered nosave memory: [mem 0xf8000000-0xfbffffff]
[    0.000000] PM: Registered nosave memory: [mem 0xfc000000-0xfebfffff]
[    0.000000] PM: Registered nosave memory: [mem 0xfec00000-0xfec00fff]
[    0.000000] PM: Registered nosave memory: [mem 0xfec01000-0xfecfffff]
[    0.000000] PM: Registered nosave memory: [mem 0xfed00000-0xfed03fff]
[    0.000000] PM: Registered nosave memory: [mem 0xfed04000-0xfed1bfff]
[    0.000000] PM: Registered nosave memory: [mem 0xfed1c000-0xfed1ffff]
[    0.000000] PM: Registered nosave memory: [mem 0xfed20000-0xfedfffff]
[    0.000000] PM: Registered nosave memory: [mem 0xfee00000-0xfee00fff]
[    0.000000] PM: Registered nosave memory: [mem 0xfee01000-0xfeffffff]
[    0.000000] PM: Registered nosave memory: [mem 0xff000000-0xffffffff]
[    0.000000] e820: [mem 0xcfa00000-0xf7ffffff] available for PCI devices
[    0.000000] Booting paravirtualized kernel on bare hardware
[    0.000000] clocksource: refined-jiffies: mask: 0xffffffff max_cycles: 0xffffffff, max_idle_ns: 7645519600211568 ns
[    0.000000] setup_percpu: NR_CPUS:256 nr_cpumask_bits:256 nr_cpu_ids:8 nr_node_ids:1
[    0.000000] PERCPU: Embedded 33 pages/cpu @ffff88042f200000 s96728 r8192 d30248 u262144
[    0.000000] pcpu-alloc: s96728 r8192 d30248 u262144 alloc=1*2097152
[    0.000000] pcpu-alloc: [0] 0 1 2 3 4 5 6 7 
[    0.000000] Built 1 zonelists in Node order, mobility grouping on.  Total pages: 4099878
[    0.000000] Policy zone: Normal
[    0.000000] Kernel command line: BOOT_IMAGE=/vmlinuz-4.2.0-23-generic.efi.signed root=UUID=58afee27-cd20-4aa0-816b-828a756f8e57 ro quiet splash vt.handoff=7
[    0.000000] PID hash table entries: 4096 (order: 3, 32768 bytes)
[    0.000000] Calgary: detecting Calgary via BIOS EBDA area
[    0.000000] Calgary: Unable to locate Rio Grande table in EBDA - bailing!
[    0.000000] Memory: 16037124K/16659916K available (8148K kernel code, 1237K rwdata, 3800K rodata, 1460K init, 1292K bss, 622792K reserved, 0K cma-reserved)
[    0.000000] SLUB: HWalign=64, Order=0-3, MinObjects=0, CPUs=8, Nodes=1
[    0.000000] Hierarchical RCU implementation.
[    0.000000] 	Build-time adjustment of leaf fanout to 64.
[    0.000000] 	RCU restricting CPUs from NR_CPUS=256 to nr_cpu_ids=8.
[    0.000000] RCU: Adjusting geometry for rcu_fanout_leaf=64, nr_cpu_ids=8
[    0.000000] NR_IRQS:16640 nr_irqs:488 16
[    0.000000] 	Offload RCU callbacks from all CPUs
[    0.000000] 	Offload RCU callbacks from CPUs: 0-7.
[    0.000000] vt handoff: transparent VT on vt#7
[    0.000000] Console: colour dummy device 80x25
[    0.000000] console [tty0] enabled
[    0.000000] clocksource: hpet: mask: 0xffffffff max_cycles: 0xffffffff, max_idle_ns: 133484882848 ns
[    0.000000] hpet clockevent registered
[    0.000000] tsc: Fast TSC calibration using PIT
[    0.000000] tsc: Detected 2598.592 MHz processor
[    0.000081] Calibrating delay loop (skipped), value calculated using timer frequency.. 5197.18 BogoMIPS (lpj=10394368)
[    0.000088] pid_max: default: 32768 minimum: 301
[    0.000102] ACPI: Core revision 20150619
[    0.069513] ACPI: All ACPI Tables successfully acquired
[    0.071239] Security Framework initialized
[    0.071266] AppArmor: AppArmor initialized
[    0.071268] Yama: becoming mindful.
[    0.074085] Dentry cache hash table entries: 2097152 (order: 12, 16777216 bytes)
[    0.082645] Inode-cache hash table entries: 1048576 (order: 11, 8388608 bytes)
[    0.086235] Mount-cache hash table entries: 32768 (order: 6, 262144 bytes)
[    0.086284] Mountpoint-cache hash table entries: 32768 (order: 6, 262144 bytes)
[    0.086865] Initializing cgroup subsys blkio
[    0.086873] Initializing cgroup subsys memory
[    0.086890] Initializing cgroup subsys devices
[    0.086895] Initializing cgroup subsys freezer
[    0.086900] Initializing cgroup subsys net_cls
[    0.086905] Initializing cgroup subsys perf_event
[    0.086910] Initializing cgroup subsys net_prio
[    0.086915] Initializing cgroup subsys hugetlb
[    0.086970] CPU: Physical Processor ID: 0
[    0.086972] CPU: Processor Core ID: 0
[    0.086982] ENERGY_PERF_BIAS: Set to 'normal', was 'performance'
[    0.086984] ENERGY_PERF_BIAS: View and update with x86_energy_perf_policy(8)
[    0.088967] mce: CPU supports 9 MCE banks
[    0.089004] CPU0: Thermal monitoring enabled (TM1)
[    0.089032] process: using mwait in idle threads
[    0.089039] Last level iTLB entries: 4KB 1024, 2MB 1024, 4MB 1024
[    0.089042] Last level dTLB entries: 4KB 1024, 2MB 1024, 4MB 1024, 1GB 4
[    0.089909] Freeing SMP alternatives memory: 28K (ffffffff81ea4000 - ffffffff81eab000)
[    0.113998] ftrace: allocating 30910 entries in 121 pages
[    0.147871] DMAR: Host address width 39
[    0.147878] DMAR: DRHD base: 0x000000fed90000 flags: 0x0
[    0.147900] DMAR: dmar0: reg_base_addr fed90000 ver 1:0 cap c0000020660462 ecap f0101a
[    0.147904] DMAR: DRHD base: 0x000000fed91000 flags: 0x1
[    0.147915] DMAR: dmar1: reg_base_addr fed91000 ver 1:0 cap d2008c20660462 ecap f010da
[    0.147918] DMAR: RMRR base: 0x000000caef4000 end: 0x000000caf02fff
[    0.147921] DMAR: RMRR base: 0x000000cb800000 end: 0x000000cf9fffff
[    0.147926] DMAR-IR: IOAPIC id 2 under DRHD base  0xfed91000 IOMMU 1
[    0.147930] DMAR-IR: HPET id 0 under DRHD base 0xfed91000
[    0.147933] DMAR-IR: x2apic is disabled because BIOS sets x2apic opt out bit.
[    0.147935] DMAR-IR: Use 'intremap=no_x2apic_optout' to override the BIOS setting.
[    0.148636] DMAR-IR: Enabled IRQ remapping in xapic mode
[    0.148639] x2apic: IRQ remapping doesn't support X2APIC mode
[    0.149193] ..TIMER: vector=0x30 apic1=0 pin1=2 apic2=-1 pin2=-1
[    0.188894] TSC deadline timer enabled
[    0.188901] smpboot: CPU0: Intel(R) Core(TM) i7-4720HQ CPU @ 2.60GHz (fam: 06, model: 3c, stepping: 03)
[    0.188967] Performance Events: PEBS fmt2+, 16-deep LBR, Haswell events, full-width counters, Intel PMU driver.
[    0.189025] ... version:                3
[    0.189028] ... bit width:              48
[    0.189030] ... generic registers:      4
[    0.189033] ... value mask:             0000ffffffffffff
[    0.189035] ... max period:             0000ffffffffffff
[    0.189037] ... fixed-purpose events:   3
[    0.189040] ... event mask:             000000070000000f
[    0.191131] x86: Booting SMP configuration:
[    0.191136] .... node  #0, CPUs:      #1
[    0.196365] TSC synchronization [CPU#0 -> CPU#1]:
[    0.196371] Measured 2604420 cycles TSC warp between CPUs, turning off TSC clock.
[    0.196378] tsc: Marking TSC unstable due to check_tsc_sync_source failed
[    0.196700] NMI watchdog: enabled on all CPUs, permanently consumes one hw-PMU counter.
[    0.196904]  #2 #3 #4 #5 #6 #7
[    0.209649] x86: Booted up 1 node, 8 CPUs
[    0.209658] smpboot: Total of 8 processors activated (41577.47 BogoMIPS)
[    0.212261] devtmpfs: initialized
[    0.220856] evm: security.selinux
[    0.220859] evm: security.SMACK64
[    0.220862] evm: security.SMACK64EXEC
[    0.220864] evm: security.SMACK64TRANSMUTE
[    0.220866] evm: security.SMACK64MMAP
[    0.220869] evm: security.ima
[    0.220871] evm: security.capability
[    0.220907] PM: Registering ACPI NVS region [mem 0xca3ab000-0xcad12fff] (9863168 bytes)
[    0.220907] clocksource: jiffies: mask: 0xffffffff max_cycles: 0xffffffff, max_idle_ns: 7645041785100000 ns
[    0.220907] pinctrl core: initialized pinctrl subsystem
[    0.220907] RTC time:  8:33:34, date: 01/09/16
[    0.220907] NET: Registered protocol family 16
[    0.240009] cpuidle: using governor ladder
[    0.248003] cpuidle: using governor menu
[    0.248244] ACPI FADT declares the system doesn't support PCIe ASPM, so disable it
[    0.248248] ACPI: bus type PCI registered
[    0.248252] acpiphp: ACPI Hot Plug PCI Controller Driver version: 0.5
[    0.248416] PCI: MMCONFIG for domain 0000 [bus 00-3f] at [mem 0xf8000000-0xfbffffff] (base 0xf8000000)
[    0.248421] PCI: MMCONFIG at [mem 0xf8000000-0xfbffffff] reserved in E820
[    0.248432] pmd_set_huge: Cannot satisfy [mem 0xf8000000-0xf8200000] with a huge-page mapping due to MTRR override.
[    0.248639] PCI: Using configuration type 1 for base access
[    0.249697] perf_event_intel: PMU erratum BJ122, BV98, HSD29 worked around, HT is on
[    0.260238] ACPI: Added _OSI(Module Device)
[    0.260244] ACPI: Added _OSI(Processor Device)
[    0.260247] ACPI: Added _OSI(3.0 _SCP Extensions)
[    0.260250] ACPI: Added _OSI(Processor Aggregator Device)
[    0.277299] ACPI: Executed 18 blocks of module-level executable AML code
[    0.294332] ACPI: Dynamic OEM Table Load:
[    0.294351] ACPI: SSDT 0xFFFF88041C79DC00 0003D3 (v02 PmRef  Cpu0Cst  00003001 INTL 20120913)
[    0.296934] ACPI: Dynamic OEM Table Load:
[    0.296952] ACPI: SSDT 0xFFFF88041C7A2800 0005AA (v02 PmRef  ApIst    00003000 INTL 20120913)
[    0.299628] ACPI: Dynamic OEM Table Load:
[    0.299641] ACPI: SSDT 0xFFFF88041C7CBC00 000119 (v02 PmRef  ApCst    00003000 INTL 20120913)
[    0.306395] ACPI : EC: EC started
[    0.307342] ACPI: Interpreter enabled
[    0.307366] ACPI Exception: AE_NOT_FOUND, While evaluating Sleep State [\_S1_] (20150619/hwxface-580)
[    0.307387] ACPI Exception: AE_NOT_FOUND, While evaluating Sleep State [\_S2_] (20150619/hwxface-580)
[    0.307433] ACPI: (supports S0 S3 S4 S5)
[    0.307437] ACPI: Using IOAPIC for interrupt routing
[    0.307517] PCI: Using host bridge windows from ACPI; if necessary, use "pci=nocrs" and report a bug
[    0.313598] ACPI: Power Resource [PG00] (on)
[    0.444255] ACPI: Power Resource [PG01] (on)
[    0.445763] ACPI: Power Resource [PG02] (on)
[    0.480116] ACPI: PCI Root Bridge [PCI0] (domain 0000 [bus 00-3e])
[    0.480134] acpi PNP0A08:00: _OSC: OS supports [ExtendedConfig ASPM ClockPM Segments MSI]
[    0.481723] acpi PNP0A08:00: _OSC: platform does not support [PCIeCapability]
[    0.482630] acpi PNP0A08:00: _OSC: not requesting control; platform does not support [PCIeCapability]
[    0.482636] acpi PNP0A08:00: _OSC: OS requested [PCIeHotplug PME AER PCIeCapability]
[    0.482641] acpi PNP0A08:00: _OSC: platform willing to grant [PCIeHotplug PME AER]
[    0.482645] acpi PNP0A08:00: _OSC failed (AE_SUPPORT); disabling ASPM
[    0.483940] PCI host bridge to bus 0000:00
[    0.483947] pci_bus 0000:00: root bus resource [bus 00-3e]
[    0.484000] pci_bus 0000:00: root bus resource [io  0x0000-0x0cf7 window]
[    0.484013] pci_bus 0000:00: root bus resource [io  0x0d00-0xffff window]
[    0.484018] pci_bus 0000:00: root bus resource [mem 0x000a0000-0x000bffff window]
[    0.484022] pci_bus 0000:00: root bus resource [mem 0x000c0000-0x000c3fff window]
[    0.484026] pci_bus 0000:00: root bus resource [mem 0x000c4000-0x000c7fff window]
[    0.484030] pci_bus 0000:00: root bus resource [mem 0x000c8000-0x000cbfff window]
[    0.484034] pci_bus 0000:00: root bus resource [mem 0x000cc000-0x000cffff window]
[    0.484038] pci_bus 0000:00: root bus resource [mem 0x000d0000-0x000d3fff window]
[    0.484042] pci_bus 0000:00: root bus resource [mem 0x000d4000-0x000d7fff window]
[    0.484046] pci_bus 0000:00: root bus resource [mem 0x000d8000-0x000dbfff window]
[    0.484050] pci_bus 0000:00: root bus resource [mem 0x000dc000-0x000dffff window]
[    0.484054] pci_bus 0000:00: root bus resource [mem 0x000e0000-0x000e3fff window]
[    0.484058] pci_bus 0000:00: root bus resource [mem 0x000e4000-0x000e7fff window]
[    0.484062] pci_bus 0000:00: root bus resource [mem 0x000e8000-0x000ebfff window]
[    0.484065] pci_bus 0000:00: root bus resource [mem 0x000ec000-0x000effff window]
[    0.484070] pci_bus 0000:00: root bus resource [mem 0xcfa00000-0xfeafffff window]
[    0.484088] pci 0000:00:00.0: [8086:0c04] type 00 class 0x060000
[    0.484357] pci 0000:00:01.0: [8086:0c01] type 01 class 0x060400
[    0.484442] pci 0000:00:01.0: PME# supported from D0 D3hot D3cold
[    0.484689] pci 0000:00:01.0: System wakeup disabled by ACPI
[    0.485092] pci 0000:00:02.0: [8086:0416] type 00 class 0x030000
[    0.485128] pci 0000:00:02.0: reg 0x10: [mem 0xf6400000-0xf67fffff 64bit]
[    0.485145] pci 0000:00:02.0: reg 0x18: [mem 0xd0000000-0xdfffffff 64bit pref]
[    0.485157] pci 0000:00:02.0: reg 0x20: [io  0xf000-0xf03f]
[    0.485392] pci 0000:00:03.0: [8086:0c0c] type 00 class 0x040300
[    0.485422] pci 0000:00:03.0: reg 0x10: [mem 0xf751c000-0xf751ffff 64bit]
[    0.485647] pci 0000:00:04.0: [8086:0c03] type 00 class 0x118000
[    0.485679] pci 0000:00:04.0: reg 0x10: [mem 0xf7510000-0xf7517fff 64bit]
[    0.486247] pci 0000:00:14.0: [8086:8c31] type 00 class 0x0c0330
[    0.486312] pci 0000:00:14.0: reg 0x10: [mem 0xf7500000-0xf750ffff 64bit]
[    0.486433] pci 0000:00:14.0: PME# supported from D3hot D3cold
[    0.486581] pci 0000:00:14.0: System wakeup disabled by ACPI
[    0.486674] pci 0000:00:16.0: [8086:8c3a] type 00 class 0x078000
[    0.487044] pci 0000:00:16.0: reg 0x10: [mem 0xf7525000-0xf752500f 64bit]
[    0.487177] pci 0000:00:16.0: PME# supported from D0 D3hot D3cold
[    0.487446] pci 0000:00:1a.0: [8086:8c2d] type 00 class 0x0c0320
[    0.487504] pci 0000:00:1a.0: reg 0x10: [mem 0xf7523000-0xf75233ff]
[    0.487657] pci 0000:00:1a.0: PME# supported from D0 D3hot D3cold
[    0.488121] pci 0000:00:1a.0: System wakeup disabled by ACPI
[    0.488216] pci 0000:00:1b.0: [8086:8c20] type 00 class 0x040300
[    0.488280] pci 0000:00:1b.0: reg 0x10: [mem 0xf7518000-0xf751bfff 64bit]
[    0.488399] pci 0000:00:1b.0: PME# supported from D0 D3hot D3cold
[    0.488578] pci 0000:00:1b.0: System wakeup disabled by ACPI
[    0.488672] pci 0000:00:1c.0: [8086:8c14] type 01 class 0x060400
[    0.489130] pci 0000:00:1c.0: PME# supported from D0 D3hot D3cold
[    0.489358] pci 0000:00:1c.0: System wakeup disabled by ACPI
[    0.489457] pci 0000:00:1c.3: [8086:8c16] type 01 class 0x060400
[    0.489618] pci 0000:00:1c.3: PME# supported from D0 D3hot D3cold
[    0.490135] pci 0000:00:1c.3: System wakeup disabled by ACPI
[    0.490229] pci 0000:00:1c.4: [8086:8c18] type 01 class 0x060400
[    0.490390] pci 0000:00:1c.4: PME# supported from D0 D3hot D3cold
[    0.490597] pci 0000:00:1c.4: System wakeup disabled by ACPI
[    0.490992] pci 0000:00:1d.0: [8086:8c26] type 00 class 0x0c0320
[    0.491055] pci 0000:00:1d.0: reg 0x10: [mem 0xf7522000-0xf75223ff]
[    0.491202] pci 0000:00:1d.0: PME# supported from D0 D3hot D3cold
[    0.491360] pci 0000:00:1d.0: System wakeup disabled by ACPI
[    0.491451] pci 0000:00:1f.0: [8086:8c4b] type 00 class 0x060100
[    0.492140] pci 0000:00:1f.2: [8086:282a] type 00 class 0x010400
[    0.492200] pci 0000:00:1f.2: reg 0x10: [io  0xf0b0-0xf0b7]
[    0.492224] pci 0000:00:1f.2: reg 0x14: [io  0xf0a0-0xf0a3]
[    0.492249] pci 0000:00:1f.2: reg 0x18: [io  0xf090-0xf097]
[    0.492272] pci 0000:00:1f.2: reg 0x1c: [io  0xf080-0xf083]
[    0.492296] pci 0000:00:1f.2: reg 0x20: [io  0xf060-0xf07f]
[    0.492313] pci 0000:00:1f.2: reg 0x24: [mem 0xf7521000-0xf75217ff]
[    0.492389] pci 0000:00:1f.2: PME# supported from D3hot
[    0.492598] pci 0000:00:1f.3: [8086:8c22] type 00 class 0x0c0500
[    0.492643] pci 0000:00:1f.3: reg 0x10: [mem 0xf7520000-0xf75200ff 64bit]
[    0.492993] pci 0000:00:1f.3: reg 0x20: [io  0xf040-0xf05f]
[    0.493327] pci 0000:01:00.0: [10de:13d8] type 00 class 0x030200
[    0.493359] pci 0000:01:00.0: reg 0x10: [mem 0xf5000000-0xf5ffffff]
[    0.493378] pci 0000:01:00.0: reg 0x14: [mem 0xe0000000-0xefffffff 64bit pref]
[    0.493397] pci 0000:01:00.0: reg 0x1c: [mem 0xf0000000-0xf1ffffff 64bit pref]
[    0.493409] pci 0000:01:00.0: reg 0x24: [io  0xe000-0xe07f]
[    0.493423] pci 0000:01:00.0: reg 0x30: [mem 0xf6000000-0xf607ffff pref]
[    0.493644] pci 0000:01:00.0: System wakeup disabled by ACPI
[    0.500028] pci 0000:00:01.0: PCI bridge to [bus 01]
[    0.500035] pci 0000:00:01.0:   bridge window [io  0xe000-0xefff]
[    0.500042] pci 0000:00:01.0:   bridge window [mem 0xf5000000-0xf60fffff]
[    0.500050] pci 0000:00:01.0:   bridge window [mem 0xe0000000-0xf1ffffff 64bit pref]
[    0.500292] pci 0000:02:00.0: [1969:e091] type 00 class 0x020000
[    0.500589] pci 0000:02:00.0: reg 0x10: [mem 0xf7400000-0xf743ffff 64bit]
[    0.500964] pci 0000:02:00.0: reg 0x18: [io  0xd000-0xd07f]
[    0.501476] pci 0000:02:00.0: PME# supported from D0 D1 D2 D3hot D3cold
[    0.501962] pci 0000:02:00.0: System wakeup disabled by ACPI
[    0.508075] pci 0000:00:1c.0: PCI bridge to [bus 02]
[    0.508088] pci 0000:00:1c.0:   bridge window [io  0xd000-0xdfff]
[    0.508101] pci 0000:00:1c.0:   bridge window [mem 0xf7400000-0xf74fffff]
[    0.508351] pci 0000:03:00.0: [168c:003e] type 00 class 0x028000
[    0.508554] pci 0000:03:00.0: reg 0x10: [mem 0xf6800000-0xf69fffff 64bit]
[    0.509264] pci 0000:03:00.0: PME# supported from D0 D3hot D3cold
[    0.509440] pci 0000:03:00.0: System wakeup disabled by ACPI
[    0.516088] pci 0000:00:1c.3: PCI bridge to [bus 03]
[    0.516106] pci 0000:00:1c.3:   bridge window [mem 0xf6800000-0xf69fffff]
[    0.516287] acpiphp: Slot [1] registered
[    0.516329] pci 0000:04:00.0: [10ec:5227] type 00 class 0xff0000
[    0.516393] pci 0000:04:00.0: reg 0x10: [mem 0xf6a00000-0xf6a00fff]
[    0.516550] pci 0000:04:00.0: supports D1 D2
[    0.516554] pci 0000:04:00.0: PME# supported from D1 D2 D3hot D3cold
[    0.516958] pci 0000:04:00.0: System wakeup disabled by ACPI
[    0.524033] pci 0000:00:1c.4: PCI bridge to [bus 04]
[    0.524046] pci 0000:00:1c.4:   bridge window [io  0xc000-0xcfff]
[    0.524058] pci 0000:00:1c.4:   bridge window [mem 0xf6a00000-0xf73fffff]
[    0.524075] pci 0000:00:1c.4:   bridge window [mem 0xf2100000-0xf2afffff 64bit pref]
[    0.529570] ACPI: PCI Interrupt Link [LNKA] (IRQs 3 4 5 6 10 11 12 14 15) *0, disabled.
[    0.530017] ACPI: PCI Interrupt Link [LNKB] (IRQs 3 4 5 6 10 11 12 14 15) *0, disabled.
[    0.530145] ACPI: PCI Interrupt Link [LNKC] (IRQs 3 4 5 6 10 11 12 14 15) *0, disabled.
[    0.530272] ACPI: PCI Interrupt Link [LNKD] (IRQs 3 4 5 6 10 11 12 14 15) *0, disabled.
[    0.530392] ACPI: PCI Interrupt Link [LNKE] (IRQs 3 4 5 6 10 11 12 14 15) *0, disabled.
[    0.530515] ACPI: PCI Interrupt Link [LNKF] (IRQs 3 4 5 6 10 11 12 14 15) *0, disabled.
[    0.530937] ACPI: PCI Interrupt Link [LNKG] (IRQs 3 4 5 6 10 11 12 14 15) *0, disabled.
[    0.531069] ACPI: PCI Interrupt Link [LNKH] (IRQs 3 4 5 6 10 11 12 14 15) *0, disabled.
[    0.532199] ACPI: Enabled 4 GPEs in block 00 to 3F
[    0.532302] ACPI : EC: GPE = 0x17, I/O: command/status = 0x66, data = 0x62
[    0.532489] vgaarb: setting as boot device: PCI:0000:00:02.0
[    0.532489] vgaarb: device added: PCI:0000:00:02.0,decodes=io+mem,owns=io+mem,locks=none
[    0.532489] vgaarb: loaded
[    0.532489] vgaarb: bridge control possible 0000:00:02.0
[    0.532973] SCSI subsystem initialized
[    0.533019] libata version 3.00 loaded.
[    0.533019] ACPI: bus type USB registered
[    0.533019] usbcore: registered new interface driver usbfs
[    0.533019] usbcore: registered new interface driver hub
[    0.533019] usbcore: registered new device driver usb
[    0.533019] PCI: Using ACPI for IRQ routing
[    0.539975] PCI: pci_cache_line_size set to 64 bytes
[    0.540199] e820: reserve RAM buffer [mem 0x00058000-0x0005ffff]
[    0.540203] e820: reserve RAM buffer [mem 0x0009e000-0x0009ffff]
[    0.540207] e820: reserve RAM buffer [mem 0xba473018-0xbbffffff]
[    0.540211] e820: reserve RAM buffer [mem 0xba484018-0xbbffffff]
[    0.540214] e820: reserve RAM buffer [mem 0xbb5db000-0xbbffffff]
[    0.540217] e820: reserve RAM buffer [mem 0xc9b6a000-0xcbffffff]
[    0.540222] e820: reserve RAM buffer [mem 0xcb000000-0xcbffffff]
[    0.540226] e820: reserve RAM buffer [mem 0x42f600000-0x42fffffff]
[    0.540484] NetLabel: Initializing
[    0.540487] NetLabel:  domain hash size = 128
[    0.540489] NetLabel:  protocols = UNLABELED CIPSOv4
[    0.540517] NetLabel:  unlabeled traffic allowed by default
[    0.540564] hpet0: at MMIO 0xfed00000, IRQs 2, 8, 0, 0, 0, 0, 0, 0
[    0.540564] hpet0: 8 comparators, 64-bit 14.318180 MHz counter
[    0.542466] clocksource: Switched to clocksource hpet
[    0.560104] AppArmor: AppArmor Filesystem Enabled
[    0.560252] pnp: PnP ACPI init
[    0.561015] pnp 00:00: Plug and Play ACPI device, IDs PNP0303 (active)
[    0.561098] pnp 00:01: Plug and Play ACPI device, IDs DLL0685 PNP0f13 (active)
[    0.561318] system 00:02: [io  0x0680-0x069f] has been reserved
[    0.561324] system 00:02: [io  0xffff] has been reserved
[    0.561329] system 00:02: [io  0xffff] has been reserved
[    0.561333] system 00:02: [io  0xffff] has been reserved
[    0.561338] system 00:02: [io  0x1800-0x18fe] could not be reserved
[    0.561342] system 00:02: [io  0x164e-0x164f] has been reserved
[    0.561350] system 00:02: Plug and Play ACPI device, IDs PNP0c02 (active)
[    0.561472] system 00:03: [io  0x0800-0x087f] has been reserved
[    0.561479] system 00:03: Plug and Play ACPI device, IDs PNP0c02 (active)
[    0.561529] pnp 00:04: Plug and Play ACPI device, IDs PNP0b00 (active)
[    0.561931] system 00:05: [io  0x1854-0x1857] has been reserved
[    0.561938] system 00:05: Plug and Play ACPI device, IDs INT3f0d PNP0c02 (active)
[    0.564459] system 00:06: [mem 0xfed1c000-0xfed1ffff] has been reserved
[    0.564465] system 00:06: [mem 0xfed10000-0xfed17fff] has been reserved
[    0.564470] system 00:06: [mem 0xfed18000-0xfed18fff] has been reserved
[    0.564474] system 00:06: [mem 0xfed19000-0xfed19fff] has been reserved
[    0.564479] system 00:06: [mem 0xf8000000-0xfbffffff] has been reserved
[    0.564484] system 00:06: [mem 0xfed20000-0xfed3ffff] has been reserved
[    0.564489] system 00:06: [mem 0xfed90000-0xfed93fff] could not be reserved
[    0.564494] system 00:06: [mem 0xfed45000-0xfed8ffff] has been reserved
[    0.564498] system 00:06: [mem 0xff000000-0xffffffff] has been reserved
[    0.564503] system 00:06: [mem 0xfee00000-0xfeefffff] could not be reserved
[    0.564508] system 00:06: [mem 0xf7fe0000-0xf7feffff] has been reserved
[    0.564513] system 00:06: [mem 0xf7ff0000-0xf7ffffff] has been reserved
[    0.564521] system 00:06: Plug and Play ACPI device, IDs PNP0c02 (active)
[    0.566411] pnp: PnP ACPI: found 7 devices
[    0.578866] clocksource: acpi_pm: mask: 0xffffff max_cycles: 0xffffff, max_idle_ns: 2085701024 ns
[    0.578950] pci 0000:00:01.0: PCI bridge to [bus 01]
[    0.578957] pci 0000:00:01.0:   bridge window [io  0xe000-0xefff]
[    0.578965] pci 0000:00:01.0:   bridge window [mem 0xf5000000-0xf60fffff]
[    0.578973] pci 0000:00:01.0:   bridge window [mem 0xe0000000-0xf1ffffff 64bit pref]
[    0.578982] pci 0000:00:1c.0: PCI bridge to [bus 02]
[    0.578992] pci 0000:00:1c.0:   bridge window [io  0xd000-0xdfff]
[    0.579008] pci 0000:00:1c.0:   bridge window [mem 0xf7400000-0xf74fffff]
[    0.579030] pci 0000:00:1c.3: PCI bridge to [bus 03]
[    0.579046] pci 0000:00:1c.3:   bridge window [mem 0xf6800000-0xf69fffff]
[    0.579068] pci 0000:00:1c.4: PCI bridge to [bus 04]
[    0.579074] pci 0000:00:1c.4:   bridge window [io  0xc000-0xcfff]
[    0.579089] pci 0000:00:1c.4:   bridge window [mem 0xf6a00000-0xf73fffff]
[    0.579098] pci 0000:00:1c.4:   bridge window [mem 0xf2100000-0xf2afffff 64bit pref]
[    0.579118] pci_bus 0000:00: resource 4 [io  0x0000-0x0cf7 window]
[    0.579122] pci_bus 0000:00: resource 5 [io  0x0d00-0xffff window]
[    0.579127] pci_bus 0000:00: resource 6 [mem 0x000a0000-0x000bffff window]
[    0.579131] pci_bus 0000:00: resource 7 [mem 0x000c0000-0x000c3fff window]
[    0.579135] pci_bus 0000:00: resource 8 [mem 0x000c4000-0x000c7fff window]
[    0.579139] pci_bus 0000:00: resource 9 [mem 0x000c8000-0x000cbfff window]
[    0.579143] pci_bus 0000:00: resource 10 [mem 0x000cc000-0x000cffff window]
[    0.579147] pci_bus 0000:00: resource 11 [mem 0x000d0000-0x000d3fff window]
[    0.579151] pci_bus 0000:00: resource 12 [mem 0x000d4000-0x000d7fff window]
[    0.579155] pci_bus 0000:00: resource 13 [mem 0x000d8000-0x000dbfff window]
[    0.579159] pci_bus 0000:00: resource 14 [mem 0x000dc000-0x000dffff window]
[    0.579163] pci_bus 0000:00: resource 15 [mem 0x000e0000-0x000e3fff window]
[    0.579167] pci_bus 0000:00: resource 16 [mem 0x000e4000-0x000e7fff window]
[    0.579171] pci_bus 0000:00: resource 17 [mem 0x000e8000-0x000ebfff window]
[    0.579174] pci_bus 0000:00: resource 18 [mem 0x000ec000-0x000effff window]
[    0.579179] pci_bus 0000:00: resource 19 [mem 0xcfa00000-0xfeafffff window]
[    0.579183] pci_bus 0000:01: resource 0 [io  0xe000-0xefff]
[    0.579187] pci_bus 0000:01: resource 1 [mem 0xf5000000-0xf60fffff]
[    0.579191] pci_bus 0000:01: resource 2 [mem 0xe0000000-0xf1ffffff 64bit pref]
[    0.579196] pci_bus 0000:02: resource 0 [io  0xd000-0xdfff]
[    0.579199] pci_bus 0000:02: resource 1 [mem 0xf7400000-0xf74fffff]
[    0.579203] pci_bus 0000:03: resource 1 [mem 0xf6800000-0xf69fffff]
[    0.579207] pci_bus 0000:04: resource 0 [io  0xc000-0xcfff]
[    0.579211] pci_bus 0000:04: resource 1 [mem 0xf6a00000-0xf73fffff]
[    0.579215] pci_bus 0000:04: resource 2 [mem 0xf2100000-0xf2afffff 64bit pref]
[    0.579290] NET: Registered protocol family 2
[    0.580132] TCP established hash table entries: 131072 (order: 8, 1048576 bytes)
[    0.580986] TCP bind hash table entries: 65536 (order: 8, 1048576 bytes)
[    0.581244] TCP: Hash tables configured (established 131072 bind 65536)
[    0.581328] UDP hash table entries: 8192 (order: 6, 262144 bytes)
[    0.581456] UDP-Lite hash table entries: 8192 (order: 6, 262144 bytes)
[    0.581919] NET: Registered protocol family 1
[    0.581956] pci 0000:00:02.0: Video device with shadowed ROM
[    0.624245] pci 0000:02:00.0: set MSI_INTX_DISABLE_BUG flag
[    0.624323] PCI: CLS 64 bytes, default 64
[    0.624436] Trying to unpack rootfs image as initramfs...
[    2.046511] Freeing initrd memory: 32800K (ffff88003dff3000 - ffff88003fffb000)
[    2.046567] PCI-DMA: Using software bounce buffering for IO (SWIOTLB)
[    2.046573] software IO TLB [mem 0xb3987000-0xb7987000] (64MB) mapped at [ffff8800b3987000-ffff8800b7986fff]
[    2.046685] clocksource: tsc: mask: 0xffffffffffffffff max_cycles: 0x25750a14bb7, max_idle_ns: 440795329289 ns
[    2.046748] RAPL PMU detected, API unit is 2^-32 Joules, 4 fixed counters 655360 ms ovfl timer
[    2.046751] hw unit of domain pp0-core 2^-14 Joules
[    2.046754] hw unit of domain package 2^-14 Joules
[    2.046756] hw unit of domain dram 2^-14 Joules
[    2.046758] hw unit of domain pp1-gpu 2^-14 Joules
[    2.046921] microcode: CPU0 sig=0x306c3, pf=0x20, revision=0x1c
[    2.046952] microcode: CPU1 sig=0x306c3, pf=0x20, revision=0x1c
[    2.046969] microcode: CPU2 sig=0x306c3, pf=0x20, revision=0x1c
[    2.046991] microcode: CPU3 sig=0x306c3, pf=0x20, revision=0x1c
[    2.047010] microcode: CPU4 sig=0x306c3, pf=0x20, revision=0x1c
[    2.047041] microcode: CPU5 sig=0x306c3, pf=0x20, revision=0x1c
[    2.047054] microcode: CPU6 sig=0x306c3, pf=0x20, revision=0x1c
[    2.047073] microcode: CPU7 sig=0x306c3, pf=0x20, revision=0x1c
[    2.047186] microcode: Microcode Update Driver: v2.00 <tigran@aivazian.fsnet.co.uk>, Peter Oruba
[    2.047400] Scanning for low memory corruption every 60 seconds
[    2.048243] futex hash table entries: 2048 (order: 5, 131072 bytes)
[    2.048293] Initialise system trusted keyring
[    2.048347] audit: initializing netlink subsys (disabled)
[    2.048378] audit: type=2000 audit(1452328416.048:1): initialized
[    2.049225] HugeTLB registered 1 GB page size, pre-allocated 0 pages
[    2.049229] HugeTLB registered 2 MB page size, pre-allocated 0 pages
[    2.053131] zpool: loaded
[    2.053140] zbud: loaded
[    2.053619] VFS: Disk quotas dquot_6.6.0
[    2.053703] VFS: Dquot-cache hash table entries: 512 (order 0, 4096 bytes)
[    2.054873] fuse init (API version 7.23)
[    2.055229] Key type big_key registered
[    2.056270] Key type asymmetric registered
[    2.056277] Asymmetric key parser 'x509' registered
[    2.056331] Block layer SCSI generic (bsg) driver version 0.4 loaded (major 249)
[    2.056430] io scheduler noop registered
[    2.056436] io scheduler deadline registered (default)
[    2.056527] io scheduler cfq registered
[    2.057891] pci_hotplug: PCI Hot Plug PCI Core version: 0.5
[    2.057909] pciehp: PCI Express Hot Plug Controller Driver version: 0.4
[    2.058005] efifb: probing for efifb
[    2.058061] efifb: framebuffer at 0xd0000000, mapped to 0xffffc90002800000, using 8100k, total 8100k
[    2.058064] efifb: mode is 1920x1080x32, linelength=7680, pages=1
[    2.058066] efifb: scrolling: redraw
[    2.058071] efifb: Truecolor: size=8:8:8:8, shift=24:16:8:0
[    2.058326] Console: switching to colour frame buffer device 240x67
[    2.058384] fb0: EFI VGA frame buffer device
[    2.058408] intel_idle: MWAIT substates: 0x42120
[    2.058411] intel_idle: v0.4 model 0x3C
[    2.058414] intel_idle: lapic_timer_reliable_states 0xffffffff
[    2.059369] ACPI: AC Adapter [ACAD] (on-line)
[    2.059539] input: Lid Switch as /devices/LNXSYSTM:00/LNXSYBUS:00/PNP0A08:00/device:27/PNP0C0D:01/input/input0
[    2.059595] ACPI: Lid Switch [LID0]
[    2.059701] input: Power Button as /devices/LNXSYSTM:00/LNXSYBUS:00/PNP0C0C:00/input/input1
[    2.059708] ACPI: Power Button [PWRB]
[    2.059794] input: Power Button as /devices/LNXSYSTM:00/LNXPWRBN:00/input/input2
[    2.059799] ACPI: Power Button [PWRF]
[    2.060778] thermal LNXTHERM:00: registered as thermal_zone0
[    2.060783] ACPI: Thermal Zone [TZ00] (28 C)
[    2.061330] thermal LNXTHERM:01: registered as thermal_zone1
[    2.061333] ACPI: Thermal Zone [TZ01] (30 C)
[    2.061479] GHES: HEST is not enabled!
[    2.061698] Serial: 8250/16550 driver, 32 ports, IRQ sharing enabled
[    2.092069] [Firmware Bug]: battery: (dis)charge rate invalid.
[    2.092077] ACPI: Battery Slot [BAT1] (battery present)
[    2.092644] Linux agpgart interface v0.103
[    2.099147] brd: module loaded
[    2.102575] loop: module loaded
[    2.103088] libphy: Fixed MDIO Bus: probed
[    2.103096] tun: Universal TUN/TAP device driver, 1.6
[    2.103099] tun: (C) 1999-2004 Max Krasnyansky <maxk@qualcomm.com>
[    2.103249] PPP generic driver version 2.4.2
[    2.103705] xhci_hcd 0000:00:14.0: xHCI Host Controller
[    2.103719] xhci_hcd 0000:00:14.0: new USB bus registered, assigned bus number 1
[    2.104861] xhci_hcd 0000:00:14.0: hcc params 0x200077c1 hci version 0x100 quirks 0x00009810
[    2.104884] xhci_hcd 0000:00:14.0: cache line size of 64 is not supported
[    2.105075] usb usb1: New USB device found, idVendor=1d6b, idProduct=0002
[    2.105079] usb usb1: New USB device strings: Mfr=3, Product=2, SerialNumber=1
[    2.105083] usb usb1: Product: xHCI Host Controller
[    2.105087] usb usb1: Manufacturer: Linux 4.2.0-23-generic xhci-hcd
[    2.105091] usb usb1: SerialNumber: 0000:00:14.0
[    2.105403] hub 1-0:1.0: USB hub found
[    2.105432] hub 1-0:1.0: 14 ports detected
[    2.117983] xhci_hcd 0000:00:14.0: xHCI Host Controller
[    2.117992] xhci_hcd 0000:00:14.0: new USB bus registered, assigned bus number 2
[    2.118083] usb usb2: New USB device found, idVendor=1d6b, idProduct=0003
[    2.118087] usb usb2: New USB device strings: Mfr=3, Product=2, SerialNumber=1
[    2.118091] usb usb2: Product: xHCI Host Controller
[    2.118095] usb usb2: Manufacturer: Linux 4.2.0-23-generic xhci-hcd
[    2.118098] usb usb2: SerialNumber: 0000:00:14.0
[    2.118397] hub 2-0:1.0: USB hub found
[    2.118421] hub 2-0:1.0: 6 ports detected
[    2.124546] ehci_hcd: USB 2.0 'Enhanced' Host Controller (EHCI) Driver
[    2.124559] ehci-pci: EHCI PCI platform driver
[    2.124801] ehci-pci 0000:00:1a.0: EHCI Host Controller
[    2.124813] ehci-pci 0000:00:1a.0: new USB bus registered, assigned bus number 3
[    2.124838] ehci-pci 0000:00:1a.0: debug port 2
[    2.128761] ehci-pci 0000:00:1a.0: cache line size of 64 is not supported
[    2.128790] ehci-pci 0000:00:1a.0: irq 16, io mem 0xf7523000
[    2.140034] ehci-pci 0000:00:1a.0: USB 2.0 started, EHCI 1.00
[    2.140115] usb usb3: New USB device found, idVendor=1d6b, idProduct=0002
[    2.140119] usb usb3: New USB device strings: Mfr=3, Product=2, SerialNumber=1
[    2.140123] usb usb3: Product: EHCI Host Controller
[    2.140126] usb usb3: Manufacturer: Linux 4.2.0-23-generic ehci_hcd
[    2.140130] usb usb3: SerialNumber: 0000:00:1a.0
[    2.140498] hub 3-0:1.0: USB hub found
[    2.140513] hub 3-0:1.0: 2 ports detected
[    2.141067] ehci-pci 0000:00:1d.0: EHCI Host Controller
[    2.141081] ehci-pci 0000:00:1d.0: new USB bus registered, assigned bus number 4
[    2.141107] ehci-pci 0000:00:1d.0: debug port 2
[    2.145028] ehci-pci 0000:00:1d.0: cache line size of 64 is not supported
[    2.145059] ehci-pci 0000:00:1d.0: irq 22, io mem 0xf7522000
[    2.156120] ehci-pci 0000:00:1d.0: USB 2.0 started, EHCI 1.00
[    2.156264] usb usb4: New USB device found, idVendor=1d6b, idProduct=0002
[    2.156270] usb usb4: New USB device strings: Mfr=3, Product=2, SerialNumber=1
[    2.156274] usb usb4: Product: EHCI Host Controller
[    2.156278] usb usb4: Manufacturer: Linux 4.2.0-23-generic ehci_hcd
[    2.156281] usb usb4: SerialNumber: 0000:00:1d.0
[    2.156704] hub 4-0:1.0: USB hub found
[    2.156719] hub 4-0:1.0: 2 ports detected
[    2.157070] ehci-platform: EHCI generic platform driver
[    2.157108] ohci_hcd: USB 1.1 'Open' Host Controller (OHCI) Driver
[    2.157121] ohci-pci: OHCI PCI platform driver
[    2.157150] ohci-platform: OHCI generic platform driver
[    2.157171] uhci_hcd: USB Universal Host Controller Interface driver
[    2.157305] i8042: PNP: PS/2 Controller [PNP0303:PS2K,PNP0f13:PS2M] at 0x60,0x64 irq 1,12
[    2.192170] serio: i8042 KBD port at 0x60,0x64 irq 1
[    2.192180] serio: i8042 AUX port at 0x60,0x64 irq 12
[    2.192659] mousedev: PS/2 mouse device common for all mice
[    2.193951] rtc_cmos 00:04: RTC can wake from S4
[    2.194208] rtc_cmos 00:04: rtc core: registered rtc_cmos as rtc0
[    2.194268] rtc_cmos 00:04: alarms up to one month, y3k, 242 bytes nvram, hpet irqs
[    2.194289] i2c /dev entries driver
[    2.194475] device-mapper: uevent: version 1.0.3
[    2.194696] device-mapper: ioctl: 4.33.0-ioctl (2015-8-18) initialised: dm-devel@redhat.com
[    2.194739] Intel P-state driver initializing.
[    2.195306] ledtrig-cpu: registered to indicate activity on CPUs
[    2.195316] EFI Variables Facility v0.08 2004-May-17
[    2.199466] PCCT header not found.
[    2.199986] NET: Registered protocol family 10
[    2.200217] NET: Registered protocol family 17
[    2.200231] Key type dns_resolver registered
[    2.200710] Loading compiled-in X.509 certificates
[    2.201403] Loaded X.509 cert 'Build time autogenerated kernel key: 5b77c7b2b6447c14c514ab2aee8004bfbd7c3913'
[    2.201419] registered taskstats version 1
[    2.201436] zswap: loading zswap
[    2.201437] zswap: using zbud pool
[    2.201440] zswap: using lzo compressor
[    2.203121] Key type trusted registered
[    2.206641] Key type encrypted registered
[    2.206648] AppArmor: AppArmor sha1 policy hashing enabled
[    2.206651] ima: No TPM chip found, activating TPM-bypass!
[    2.206670] evm: HMAC attrs: 0x1
[    2.207381]   Magic number: 0:520:573
[    2.207411] event_source intel_bts: hash matches
[    2.207515] rtc_cmos 00:04: setting system clock to 2016-01-09 08:33:36 UTC (1452328416)
[    2.207646] BIOS EDD facility v0.16 2004-Jun-25, 0 devices found
[    2.207647] EDD information not available.
[    2.207710] PM: Hibernation image not present or could not be loaded.
[    2.207993] Freeing unused kernel memory: 1460K (ffffffff81d37000 - ffffffff81ea4000)
[    2.207994] Write protecting the kernel read-only data: 12288k
[    2.208200] Freeing unused kernel memory: 32K (ffff8800017f8000 - ffff880001800000)
[    2.208290] Freeing unused kernel memory: 296K (ffff880001bb6000 - ffff880001c00000)
[    2.217681] random: systemd-udevd urandom read with 4 bits of entropy available
[    2.229760] input: AT Translated Set 2 keyboard as /devices/platform/i8042/serio0/input/input3
[    2.240737] hidraw: raw HID events driver (C) Jiri Kosina
[    2.242144] sdhci: Secure Digital Host Controller Interface driver
[    2.242146] sdhci: Copyright(c) Pierre Ossman
[    2.243681] wmi: Mapper loaded
[    2.255488] rtsx_pci 0000:04:00.0: enabling device (0000 -> 0002)
[    2.255596] rtsx_pci 0000:04:00.0: rtsx_pci_acquire_irq: pcr->msi_en = 1, pci->irq = 28
[    2.256381] [drm] Initialized drm 1.1.0 20060810
[    2.257409] ahci 0000:00:1f.2: version 3.0
[    2.257567] ahci 0000:00:1f.2: AHCI 0001.0300 32 slots 6 ports 6 Gbps 0x3 impl RAID mode
[    2.257570] ahci 0000:00:1f.2: flags: 64bit ncq pm led clo pio slum part ems apst 
[    2.264869] scsi host0: ahci
[    2.265094] scsi host1: ahci
[    2.265389] scsi host2: ahci
[    2.265580] scsi host3: ahci
[    2.265762] scsi host4: ahci
[    2.265983] scsi host5: ahci
[    2.266030] ata1: SATA max UDMA/133 abar m2048@0xf7521000 port 0xf7521100 irq 29
[    2.266056] ata2: SATA max UDMA/133 abar m2048@0xf7521000 port 0xf7521180 irq 29
[    2.266057] ata3: DUMMY
[    2.266059] ata4: DUMMY
[    2.266060] ata5: DUMMY
[    2.266061] ata6: DUMMY
[    2.268934] alx 0000:02:00.0 eth0: Qualcomm Atheros AR816x/AR817x Ethernet [34:e6:d7:75:3b:d0]
[    2.272401] [drm] Memory usable by graphics device = 2048M
[    2.272404] checking generic (d0000000 7e9000) vs hw (d0000000 10000000)
[    2.272405] fb: switching to inteldrmfb from EFI VGA
[    2.272424] Console: switching to colour dummy device 80x25
[    2.272500] [drm] Replacing VGA console driver
[    2.273094] [drm] ACPI BIOS requests an excessive sleep of 2000 ms, using 1500 ms instead
[    2.273713] MXM: GUID detected in BIOS
[    2.273773] ACPI Warning: \_SB_.PCI0.PEG0.PEGP._DSM: Argument #4 type mismatch - Found [Buffer], ACPI requires [Package] (20150619/nsarguments-95)
[    2.273815] ACPI Warning: \_SB_.PCI0.PEG0.PEGP._DSM: Argument #4 type mismatch - Found [Buffer], ACPI requires [Package] (20150619/nsarguments-95)
[    2.274022] pci 0000:01:00.0: optimus capabilities: enabled, status dynamic power, hda bios codec supported
[    2.274024] VGA switcheroo: detected Optimus DSM method \_SB_.PCI0.PEG0.PEGP handle
[    2.274046] nouveau 0000:01:00.0: enabling device (0006 -> 0007)
[    2.279212] [drm] Supports vblank timestamp caching Rev 2 (21.10.2013).
[    2.279214] [drm] Driver supports precise vblank timestamp query.
[    2.279278] vgaarb: device changed decodes: PCI:0000:00:02.0,olddecodes=io+mem,decodes=io+mem:owns=io+mem
[    2.286868] alx 0000:02:00.0 enp2s0: renamed from eth0
[    2.373451] ACPI: Video Device [GFX0] (multi-head: yes  rom: no  post: no)
[    2.373652] input: Video Bus as /devices/LNXSYSTM:00/LNXSYBUS:00/PNP0A08:00/LNXVIDEO:00/input/input6
[    2.373741] ACPI Exception: AE_NOT_FOUND, Evaluating _DOD (20150619/video-1157)
[    2.373744] ACPI: Video Device [PEGP] (multi-head: no  rom: yes  post: no)
[    2.373767] input: Video Bus as /devices/LNXSYSTM:00/LNXSYBUS:00/PNP0A08:00/device:12/LNXVIDEO:01/input/input7
[    2.373826] [drm] Initialized i915 1.6.0 20150522 for 0000:00:02.0 on minor 0
[    2.374067] nouveau  [  DEVICE][0000:01:00.0] BOOT0  : 0x124180a1
[    2.374069] nouveau  [  DEVICE][0000:01:00.0] Chipset: GM204 (NV124)
[    2.374071] nouveau  [  DEVICE][0000:01:00.0] Family : NV110
[    2.428035] usb 1-4: new full-speed USB device number 2 using xhci_hcd
[    2.436108] [drm] GMBUS [i915 gmbus vga] timed out, falling back to bit banging on pin 2
[    2.452135] usb 3-1: new high-speed USB device number 2 using ehci-pci
[    2.454971] fbcon: inteldrmfb (fb0) is primary device
[    2.455034] Console: switching to colour frame buffer device 240x67
[    2.455055] i915 0000:00:02.0: fb0: inteldrmfb frame buffer device
[    2.455057] i915 0000:00:02.0: registered panic notifier
[    2.468691] usb 4-1: new high-speed USB device number 2 using ehci-pci
[    2.538491] nouveau  [   VBIOS][0000:01:00.0] using image from PROM
[    2.538596] nouveau  [   VBIOS][0000:01:00.0] BIT signature found
[    2.538598] nouveau  [   VBIOS][0000:01:00.0] version 84.04.29.00.17
[    2.539542] nouveau  [ DEVINIT][0000:01:00.0] adaptor not initialised
[    2.557047] usb 1-4: config 1 interface 0 altsetting 0 has 2 endpoint descriptors, different from the interface descriptor's value: 1
[    2.558081] usb 1-4: New USB device found, idVendor=187c, idProduct=0528
[    2.558083] usb 1-4: New USB device strings: Mfr=1, Product=2, SerialNumber=3
[    2.558084] usb 1-4: Product: AW1517
[    2.558085] usb 1-4: Manufacturer: Alienware
[    2.558086] usb 1-4: SerialNumber: 15.0
[    2.558281] usb 1-4: ep 0x81 - rounding interval to 64 microframes, ep desc says 80 microframes
[    2.562575] usbcore: registered new interface driver usbhid
[    2.562579] usbhid: USB HID core driver
[    2.564368] hid-generic 0003:187C:0528.0001: hiddev0,hidraw0: USB HID v1.01 Device [Alienware AW1517] on usb-0000:00:14.0-4/input0
[    2.566079] nouveau  [     PMC][0000:01:00.0] MSI interrupts enabled
[    2.566107] nouveau  [     PFB][0000:01:00.0] RAM type: GDDR5
[    2.566108] nouveau  [     PFB][0000:01:00.0] RAM size: 3072 MiB
[    2.566109] nouveau  [     PFB][0000:01:00.0]    ZCOMP: 0 tags
[    2.566180] nouveau E[   PIBUS][0000:01:00.0] HUB0: 0x10ecc0 0xffffffff (0x1e40822c)
[    2.584050] ata2: SATA link up 6.0 Gbps (SStatus 133 SControl 300)
[    2.584079] ata1: SATA link up 6.0 Gbps (SStatus 133 SControl 300)
[    2.584361] usb 3-1: New USB device found, idVendor=8087, idProduct=8008
[    2.584363] usb 3-1: New USB device strings: Mfr=0, Product=0, SerialNumber=0
[    2.584709] hub 3-1:1.0: USB hub found
[    2.584874] hub 3-1:1.0: 6 ports detected
[    2.585233] ata1.00: ATA-8: HGST HTS721010A9E630, JB0OA3P0, max UDMA/133
[    2.585236] ata1.00: 1953525168 sectors, multi 16: LBA48 NCQ (depth 31/32), AA
[    2.586001] ata2.00: READ LOG DMA EXT failed, trying unqueued
[    2.586040] ata2.00: failed to get NCQ Send/Recv Log Emask 0x1
[    2.586042] ata2.00: ATA-9: SAMSUNG SSD PM851 M.2 2280 128GB, EXT25D0Q, max UDMA/133
[    2.586043] ata2.00: 250069680 sectors, multi 16: LBA48 NCQ (depth 31/32), AA
[    2.586356] ata2.00: failed to get NCQ Send/Recv Log Emask 0x1
[    2.586406] ata2.00: configured for UDMA/133
[    2.586468] ata1.00: configured for UDMA/133
[    2.586580] scsi 0:0:0:0: Direct-Access     ATA      HGST HTS721010A9 A3P0 PQ: 0 ANSI: 5
[    2.586742] sd 0:0:0:0: [sda] 1953525168 512-byte logical blocks: (1.00 TB/931 GiB)
[    2.586745] sd 0:0:0:0: [sda] 4096-byte physical blocks
[    2.586768] sd 0:0:0:0: Attached scsi generic sg0 type 0
[    2.586826] sd 0:0:0:0: [sda] Write Protect is off
[    2.586828] sd 0:0:0:0: [sda] Mode Sense: 00 3a 00 00
[    2.586860] sd 0:0:0:0: [sda] Write cache: enabled, read cache: enabled, doesn't support DPO or FUA
[    2.586880] scsi 1:0:0:0: Direct-Access     ATA      SAMSUNG SSD PM85 5D0Q PQ: 0 ANSI: 5
[    2.587010] sd 1:0:0:0: [sdb] 250069680 512-byte logical blocks: (128 GB/119 GiB)
[    2.587027] sd 1:0:0:0: Attached scsi generic sg1 type 0
[    2.587086] sd 1:0:0:0: [sdb] Write Protect is off
[    2.587089] sd 1:0:0:0: [sdb] Mode Sense: 00 3a 00 00
[    2.587113] sd 1:0:0:0: [sdb] Write cache: enabled, read cache: enabled, doesn't support DPO or FUA
[    2.588292]  sdb: sdb1 sdb2 sdb3
[    2.588680] sd 1:0:0:0: [sdb] Attached SCSI disk
[    2.600359] usb 4-1: New USB device found, idVendor=8087, idProduct=8000
[    2.600360] usb 4-1: New USB device strings: Mfr=0, Product=0, SerialNumber=0
[    2.600624] hub 4-1:1.0: USB hub found
[    2.600730] hub 4-1:1.0: 8 ports detected
[    2.600830] nouveau  [  PGRAPH][0000:01:00.0] using external firmware
[    2.600843] nouveau 0000:01:00.0: Direct firmware load for nouveau/nv124_fuc409c failed with error -2
[    2.600858] nouveau 0000:01:00.0: Direct firmware load for nouveau/fuc409c failed with error -2
[    2.600859] nouveau E[  PGRAPH][0000:01:00.0] failed to load fuc409c
[    2.600887] vga_switcheroo: enabled
[    2.601031] [TTM] Zone  kernel: Available graphics memory: 8157790 kiB
[    2.601032] [TTM] Zone   dma32: Available graphics memory: 2097152 kiB
[    2.601033] [TTM] Initializing pool allocator
[    2.601037] [TTM] Initializing DMA pool allocator
[    2.601054] nouveau  [     DRM] VRAM: 3072 MiB
[    2.601054] nouveau  [     DRM] GART: 1048576 MiB
[    2.601057] nouveau W[     DRM] Pointer to TMDS table invalid
[    2.601058] nouveau  [     DRM] DCB version 4.1
[    2.601059] nouveau W[     DRM] Pointer to flat panel table invalid
[    2.606759] nouveau E[   PFIFO][0000:01:00.0] unsupported engines 0x00000001
[    2.606837] nouveau E[     DRM] failed to create kernel channel, -22
[    2.620250] [drm] Initialized nouveau 1.2.2 20120801 for 0000:01:00.0 on minor 1
[    2.658598]  sda: sda1 sda2 sda3 sda4 sda5 sda6 sda7 sda8 sda9 sda10
[    2.659532] sd 0:0:0:0: [sda] Attached SCSI disk
[    2.724088] usb 1-5: new high-speed USB device number 3 using xhci_hcd
[    2.853098] usb 1-5: New USB device found, idVendor=14cd, idProduct=8601
[    2.853101] usb 1-5: New USB device strings: Mfr=1, Product=3, SerialNumber=0
[    2.853103] usb 1-5: Product: USB 2.0 Hub            
[    2.853104] usb 1-5: Manufacturer: USB Device  
[    2.853515] hub 1-5:1.0: USB hub found
[    2.853585] hub 1-5:1.0: 4 ports detected
[    3.020079] usb 1-9: new full-speed USB device number 4 using xhci_hcd
[    3.148829] usb 1-9: New USB device found, idVendor=0cf3, idProduct=e300
[    3.148831] usb 1-9: New USB device strings: Mfr=0, Product=0, SerialNumber=0
[    3.220021] usb 1-5.1: new low-speed USB device number 5 using xhci_hcd
[    3.311230] usb 1-5.1: New USB device found, idVendor=0000, idProduct=0538
[    3.311233] usb 1-5.1: New USB device strings: Mfr=0, Product=1, SerialNumber=0
[    3.311235] usb 1-5.1: Product:  USB OPTICAL MOUSE
[    3.311340] usb 1-5.1: ep 0x81 - rounding interval to 64 microframes, ep desc says 80 microframes
[    3.313589] input:  USB OPTICAL MOUSE as /devices/pci0000:00/0000:00:14.0/usb1/1-5/1-5.1/1-5.1:1.0/0003:0000:0538.0002/input/input8
[    3.313717] hid-generic 0003:0000:0538.0002: input,hidraw1: USB HID v1.11 Mouse [ USB OPTICAL MOUSE] on usb-0000:00:14.0-5.1/input0
[    3.420075] usb 1-13: new high-speed USB device number 6 using xhci_hcd
[    3.544320] psmouse serio1: synaptics: queried max coordinates: x [..5668], y [..4756]
[    3.556645] usb 1-13: New USB device found, idVendor=1bcf, idProduct=28b6
[    3.556648] usb 1-13: New USB device strings: Mfr=1, Product=2, SerialNumber=0
[    3.556650] usb 1-13: Product: Integrated_Webcam_FHD
[    3.556651] usb 1-13: Manufacturer: CN036P597248752RB5ZYA00
[    3.620062] usb 1-5.2: new full-speed USB device number 7 using xhci_hcd
[    3.643279] psmouse serio1: synaptics: queried min coordinates: x [1274..], y [1098..]
[    3.717233] usb 1-5.2: New USB device found, idVendor=24ae, idProduct=4005
[    3.717235] usb 1-5.2: New USB device strings: Mfr=1, Product=2, SerialNumber=0
[    3.717237] usb 1-5.2: Product: Rapoo Gaming Keyboard
[    3.717237] usb 1-5.2: Manufacturer: Rapoo
[    3.720552] input: Rapoo Rapoo Gaming Keyboard as /devices/pci0000:00/0000:00:14.0/usb1/1-5/1-5.2/1-5.2:1.0/0003:24AE:4005.0003/input/input9
[    3.776196] hid-generic 0003:24AE:4005.0003: input,hidraw2: USB HID v1.10 Keyboard [Rapoo Rapoo Gaming Keyboard] on usb-0000:00:14.0-5.2/input0
[    3.782286] input: Rapoo Rapoo Gaming Keyboard as /devices/pci0000:00/0000:00:14.0/usb1/1-5/1-5.2/1-5.2:1.1/0003:24AE:4005.0004/input/input10
[    3.818420] psmouse serio1: synaptics: Touchpad model: 1, fw: 8.1, id: 0x1e2b1, caps: 0xd00123/0x840300/0x26c00/0x0, board id: 2417, fw id: 1365292
[    3.836389] hid-generic 0003:24AE:4005.0004: input,hiddev0,hidraw3: USB HID v1.10 Mouse [Rapoo Rapoo Gaming Keyboard] on usb-0000:00:14.0-5.2/input1
[    3.838892] hid-generic 0003:24AE:4005.0005: hiddev0,hidraw4: USB HID v1.10 Device [Rapoo Rapoo Gaming Keyboard] on usb-0000:00:14.0-5.2/input2
[    3.924044] usb 1-5.3: new high-speed USB device number 8 using xhci_hcd
[    3.943614] input: SynPS/2 Synaptics TouchPad as /devices/platform/i8042/serio1/input/input5
[    4.028878] usb 1-5.3: New USB device found, idVendor=14cd, idProduct=8601
[    4.028881] usb 1-5.3: New USB device strings: Mfr=1, Product=3, SerialNumber=0
[    4.028883] usb 1-5.3: Product: USB 2.0 Hub            
[    4.028885] usb 1-5.3: Manufacturer: USB Device  
[    4.029413] hub 1-5.3:1.0: USB hub found
[    4.029491] hub 1-5.3:1.0: 4 ports detected
[    5.038015] random: nonblocking pool is initialized
[    5.047444] EXT4-fs (sda3): mounted filesystem with ordered data mode. Opts: (null)
[    5.769898] systemd[1]: Failed to insert module 'kdbus': Function not implemented
[    5.852122] systemd[1]: systemd 225 running in system mode. (+PAM +AUDIT +SELINUX +IMA +APPARMOR +SMACK +SYSVINIT +UTMP +LIBCRYPTSETUP +GCRYPT +GNUTLS +ACL +XZ -LZ4 +SECCOMP +BLKID -ELFUTILS +KMOD -IDN)
[    5.852287] systemd[1]: Detected architecture x86-64.
[    5.862129] systemd[1]: Set hostname to <cn-Alienware-15>.
[    6.364657] systemd[1]: Reached target Remote File Systems (Pre).
[    6.364720] systemd[1]: Created slice Root Slice.
[    6.364760] systemd[1]: Listening on Journal Socket.
[    6.364797] systemd[1]: Listening on /dev/initctl Compatibility Named Pipe.
[    6.364860] systemd[1]: Listening on Journal Audit Socket.
[    6.364894] systemd[1]: Listening on udev Control Socket.
[    6.364919] systemd[1]: Reached target User and Group Name Lookups.
[    6.364981] systemd[1]: Created slice System Slice.
[    6.365045] systemd[1]: Created slice system-systemd\x2dfsck.slice.
[    6.365373] systemd[1]: Starting Setup Virtual Console...
[    6.365666] systemd[1]: Mounting POSIX Message Queue File System...
[    6.365730] systemd[1]: Created slice system-getty.slice.
[    6.366012] systemd[1]: Starting Uncomplicated firewall...
[    6.436730] systemd[1]: Starting Load Kernel Modules...
[    6.437159] systemd[1]: Mounting Huge Pages File System...
[    6.437582] systemd[1]: Started Read required files in advance.
[    6.438172] systemd[1]: Starting Create list of required static device nodes for the current kernel...
[    6.438240] systemd[1]: Listening on Journal Socket (/dev/log).
[    6.438587] systemd[1]: Mounting Debug File System...
[    6.438668] systemd[1]: Created slice User and Session Slice.
[    6.438682] systemd[1]: Reached target Slices.
[    6.439040] systemd[1]: Started Braille Device Support.
[    6.439131] systemd[1]: Listening on fsck to fsckd communication Socket.
[    6.439235] systemd[1]: Set up automount Arbitrary Executable File Formats File System Automount Point.
[    6.531050] systemd[1]: Started Forward Password Requests to Wall Directory Watch.
[    6.531076] systemd[1]: Reached target Encrypted Volumes.
[    6.531116] systemd[1]: Listening on udev Kernel Socket.
[    6.531545] systemd[1]: Starting Increase datagram queue length...
[    6.531943] systemd[1]: Starting udev Coldplug all Devices...
[    6.532708] systemd[1]: Started Setup Virtual Console.
[    6.553982] systemd[1]: Started Uncomplicated firewall.
[    6.613441] systemd[1]: Mounted Debug File System.
[    6.613505] systemd[1]: Mounted Huge Pages File System.
[    6.613549] systemd[1]: Mounted POSIX Message Queue File System.
[    6.648829] systemd[1]: Started Create list of required static device nodes for the current kernel.
[    6.649380] systemd[1]: Starting Create Static Device Nodes in /dev...
[    6.698352] systemd[1]: Started Increase datagram queue length.
[    6.698509] systemd[1]: Listening on Syslog Socket.
[    6.698914] systemd[1]: Starting Journal Service...
[    6.764587] systemd[1]: Started udev Coldplug all Devices.
[    6.993967] systemd[1]: Started Journal Service.
[    7.005412] lp: driver loaded but no devices found
[    7.027148] ppdev: user-space parallel port driver
[    7.819483] EXT4-fs (sda3): re-mounted. Opts: errors=remount-ro
[    7.864193] systemd-journald[338]: Received request to flush runtime journal from PID 1
[    8.138061] EDAC MC: Ver: 3.0.0
[    8.157903] EDAC ie31200: No ECC support
[    8.162313] shpchp: Standard Hot Plug PCI Controller Driver version: 0.4
[    8.994231] snd_hda_intel 0000:00:03.0: enabling device (0000 -> 0002)
[    8.994328] snd_hda_intel 0000:00:03.0: bound 0000:00:02.0 (ops i915_audio_component_bind_ops [i915])
[    8.994343] snd_hda_intel 0000:00:1b.0: enabling device (0000 -> 0002)
[    9.062333] snd_hda_codec_ca0132 hdaudioC1D0: autoconfig for CA0132: line_outs=1 (0xb/0x0/0x0/0x0/0x0) type:speaker
[    9.062336] snd_hda_codec_ca0132 hdaudioC1D0:    speaker_outs=0 (0x0/0x0/0x0/0x0/0x0)
[    9.062337] snd_hda_codec_ca0132 hdaudioC1D0:    hp_outs=0 (0x0/0x0/0x0/0x0/0x0)
[    9.062338] snd_hda_codec_ca0132 hdaudioC1D0:    mono: mono_out=0x0
[    9.062339] snd_hda_codec_ca0132 hdaudioC1D0:    inputs:
[    9.062340] snd_hda_codec_ca0132 hdaudioC1D0:      Mic=0x12
[    9.062341] snd_hda_codec_ca0132 hdaudioC1D0:      Line=0x11
[    9.149734] ath10k_pci 0000:03:00.0: enabling device (0000 -> 0002)
[    9.150186] ath10k_pci 0000:03:00.0: pci irq msi-x interrupts 8 irq_mode 0 reset_mode 0
[    9.151417] input: Dell WMI hotkeys as /devices/virtual/input/input11
[    9.231496] input: HDA Intel HDMI HDMI/DP,pcm=3 as /devices/pci0000:00/0000:00:03.0/sound/card0/input12
[    9.231548] input: HDA Intel HDMI HDMI/DP,pcm=7 as /devices/pci0000:00/0000:00:03.0/sound/card0/input13
[    9.231594] input: HDA Intel HDMI HDMI/DP,pcm=8 as /devices/pci0000:00/0000:00:03.0/sound/card0/input14
[    9.477940] ath10k_pci 0000:03:00.0: Direct firmware load for ath10k/cal-pci-0000:03:00.0.bin failed with error -2
[    9.479585] ath10k_pci 0000:03:00.0: Direct firmware load for ath10k/QCA6174/hw2.1/board-pci-168c:003e:1a56:1525.bin failed with error -2
[    9.479588] ath10k_pci 0000:03:00.0: failed to load spec board file, falling back to generic: -2
[    9.604099] Bluetooth: Core ver 2.20
[    9.604108] NET: Registered protocol family 31
[    9.604109] Bluetooth: HCI device and connection manager initialized
[    9.604112] Bluetooth: HCI socket layer initialized
[    9.604114] Bluetooth: L2CAP socket layer initialized
[    9.604118] Bluetooth: SCO socket layer initialized
[    9.616509] media: Linux media interface: v0.10
[    9.661439] usbcore: registered new interface driver btusb
[    9.688677] Linux video capture interface: v2.00
[    9.763723] Bluetooth: hci0: using rampatch file: qca/rampatch_usb_00000200.bin
[    9.763726] Bluetooth: hci0: QCA: patch rome 0x200 build 0x299, firmware rome 0x200 build 0x111
[    9.830286] Bluetooth: hci0: using NVM file: qca/nvm_usb_00000200.bin
[    9.838607] AVX2 version of gcm_enc/dec engaged.
[    9.838609] AES CTR mode by8 optimization enabled
[    9.980344] ca0132 DOWNLOAD OK :-) DSP IS RUNNING.
[   10.071552] uvcvideo: Found UVC 1.00 device Integrated_Webcam_FHD (1bcf:28b6)
[   10.084190] input: Integrated_Webcam_FHD as /devices/pci0000:00/0000:00:14.0/usb1/1-13/1-13:1.0/input/input15
[   10.084510] usbcore: registered new interface driver uvcvideo
[   10.084513] USB Video Class driver (1.1.1)
[   10.754737] cfg80211: World regulatory domain updated:
[   10.754742] cfg80211:  DFS Master region: unset
[   10.754744] cfg80211:   (start_freq - end_freq @ bandwidth), (max_antenna_gain, max_eirp), (dfs_cac_time)
[   10.754746] cfg80211:   (2402000 KHz - 2472000 KHz @ 40000 KHz), (N/A, 2000 mBm), (N/A)
[   10.754747] cfg80211:   (2457000 KHz - 2482000 KHz @ 40000 KHz), (N/A, 2000 mBm), (N/A)
[   10.754749] cfg80211:   (2474000 KHz - 2494000 KHz @ 20000 KHz), (N/A, 2000 mBm), (N/A)
[   10.754751] cfg80211:   (5170000 KHz - 5250000 KHz @ 80000 KHz, 160000 KHz AUTO), (N/A, 2000 mBm), (N/A)
[   10.754753] cfg80211:   (5250000 KHz - 5330000 KHz @ 80000 KHz, 160000 KHz AUTO), (N/A, 2000 mBm), (0 s)
[   10.754754] cfg80211:   (5490000 KHz - 5730000 KHz @ 160000 KHz), (N/A, 2000 mBm), (0 s)
[   10.754755] cfg80211:   (5735000 KHz - 5835000 KHz @ 80000 KHz), (N/A, 2000 mBm), (N/A)
[   10.754757] cfg80211:   (57240000 KHz - 63720000 KHz @ 2160000 KHz), (N/A, 0 mBm), (N/A)
[   10.833453] ath10k_pci 0000:03:00.0: qca6174 hw2.1 (0x05010000, 0x003405ff, 168c:003e:1a56:1525 fallback) fw WLAN.RM.1.1-00141 api 5 htt 3.1 wmi 4 cal otp max_sta 32
[   10.833457] ath10k_pci 0000:03:00.0: debug 0 debugfs 1 tracing 1 dfs 0 testmode 0
[   10.870949] intel_rapl: Found RAPL domain package
[   10.870952] intel_rapl: Found RAPL domain core
[   10.870955] intel_rapl: Found RAPL domain uncore
[   10.870956] intel_rapl: Found RAPL domain dram
[   10.913101] ath: EEPROM regdomain: 0x6c
[   10.913104] ath: EEPROM indicates we should expect a direct regpair map
[   10.913106] ath: Country alpha2 being used: 00
[   10.913107] ath: Regpair used: 0x6c
[   10.983286] ath10k_pci 0000:03:00.0 wlp3s0: renamed from wlan0
[   11.036232] EXT4-fs (sda1): mounted filesystem with ordered data mode. Opts: (null)
[   11.218113] input: HDA Intel PCH Front Line Out as /devices/pci0000:00/0000:00:1b.0/sound/card1/input16
[   11.218168] input: HDA Intel PCH Line Out as /devices/pci0000:00/0000:00:1b.0/sound/card1/input17
[   11.832256] ca0132 DOWNLOAD OK :-) DSP IS RUNNING.
[   12.995787] Adding 3999740k swap on /dev/sda9.  Priority:-1 extents:1 across:3999740k FS
[   13.163697] audit: type=1400 audit(1452328427.452:2): apparmor="STATUS" operation="profile_load" profile="unconfined" name="/usr/lib/lightdm/lightdm-guest-session" pid=780 comm="apparmor_parser"
[   13.163703] audit: type=1400 audit(1452328427.452:3): apparmor="STATUS" operation="profile_load" profile="unconfined" name="chromium" pid=780 comm="apparmor_parser"
[   13.188598] audit: type=1400 audit(1452328427.480:4): apparmor="STATUS" operation="profile_load" profile="unconfined" name="/sbin/dhclient" pid=780 comm="apparmor_parser"
[   13.188607] audit: type=1400 audit(1452328427.480:5): apparmor="STATUS" operation="profile_load" profile="unconfined" name="/usr/lib/NetworkManager/nm-dhcp-client.action" pid=780 comm="apparmor_parser"
[   13.188612] audit: type=1400 audit(1452328427.480:6): apparmor="STATUS" operation="profile_load" profile="unconfined" name="/usr/lib/NetworkManager/nm-dhcp-helper" pid=780 comm="apparmor_parser"
[   13.188618] audit: type=1400 audit(1452328427.480:7): apparmor="STATUS" operation="profile_load" profile="unconfined" name="/usr/lib/connman/scripts/dhclient-script" pid=780 comm="apparmor_parser"
[   13.271865] audit: type=1400 audit(1452328427.560:8): apparmor="STATUS" operation="profile_load" profile="unconfined" name="/usr/bin/evince" pid=780 comm="apparmor_parser"
[   13.271880] audit: type=1400 audit(1452328427.560:9): apparmor="STATUS" operation="profile_load" profile="unconfined" name="sanitized_helper" pid=780 comm="apparmor_parser"
[   13.271884] audit: type=1400 audit(1452328427.560:10): apparmor="STATUS" operation="profile_load" profile="unconfined" name="/usr/bin/evince-previewer" pid=780 comm="apparmor_parser"
[   13.271887] audit: type=1400 audit(1452328427.560:11): apparmor="STATUS" operation="profile_load" profile="unconfined" name="sanitized_helper" pid=780 comm="apparmor_parser"
[   13.804070] ACPI Warning: \_SB_.PCI0.PEG0.PEGP._DSM: Argument #4 type mismatch - Found [Buffer], ACPI requires [Package] (20150619/nsarguments-95)
[   13.804394] ACPI: \_SB_.PCI0.PEG0.PEGP: failed to evaluate _DSM
[   13.804398] ACPI Warning: \_SB_.PCI0.PEG0.PEGP._DSM: Argument #4 type mismatch - Found [Buffer], ACPI requires [Package] (20150619/nsarguments-95)
[   13.985999] cgroup: new mount options do not match the existing superblock, will be ignored
[   15.297889] vboxdrv: module verification failed: signature and/or required key missing - tainting kernel
[   15.301637] vboxdrv: Found 8 processor cores
[   15.324269] vboxdrv: TSC mode is Invariant, tentative frequency 2598495010 Hz
[   15.324270] vboxdrv: Successfully loaded version 5.0.12 (interface 0x00240000)
[   15.549196] VBoxNetFlt: Successfully started.
[   15.550784] VBoxNetAdp: Successfully started.
[   15.566642] VBoxPciLinuxInit
[   15.605058] vboxpci: IOMMU not found (not registered)
[   16.122244] Bluetooth: BNEP (Ethernet Emulation) ver 1.3
[   16.122247] Bluetooth: BNEP filters: protocol multicast
[   16.122250] Bluetooth: BNEP socket layer initialized
[   17.827425] IPv6: ADDRCONF(NETDEV_UP): enp2s0: link is not ready
[   17.830063] IPv6: ADDRCONF(NETDEV_UP): enp2s0: link is not ready
[   17.833678] IPv6: ADDRCONF(NETDEV_UP): wlp3s0: link is not ready
[   19.147017] IPv6: ADDRCONF(NETDEV_UP): wlp3s0: link is not ready
[   19.675426] IPv6: ADDRCONF(NETDEV_UP): wlp3s0: link is not ready
[   21.376106] nouveau E[   PIBUS][0000:01:00.0] HUB0: 0x10ecc0 0xffffffff (0x1e40822c)
[   24.366962] wlp3s0: authenticate with 94:77:2b:16:47:ec
[   24.406848] wlp3s0: send auth to 94:77:2b:16:47:ec (try 1/3)
[   24.408435] wlp3s0: authenticated
[   24.412054] wlp3s0: associate with 94:77:2b:16:47:ec (try 1/3)
[   24.415924] wlp3s0: RX AssocResp from 94:77:2b:16:47:ec (capab=0x411 status=0 aid=3)
[   24.418592] wlp3s0: associated
[   24.418615] IPv6: ADDRCONF(NETDEV_CHANGE): wlp3s0: link becomes ready
[   24.420870] ath: EEPROM regdomain: 0x8348
[   24.420872] ath: EEPROM indicates we should expect a country code
[   24.420873] ath: doing EEPROM country->regdmn map search
[   24.420874] ath: country maps to regdmn code: 0x3a
[   24.420875] ath: Country alpha2 being used: US
[   24.420876] ath: Regpair used: 0x3a
[   24.420877] ath: regdomain 0x8348 dynamically updated by country IE
[   24.421199] cfg80211: Regulatory domain changed to country: US
[   24.421201] cfg80211:  DFS Master region: FCC
[   24.421202] cfg80211:   (start_freq - end_freq @ bandwidth), (max_antenna_gain, max_eirp), (dfs_cac_time)
[   24.421204] cfg80211:   (2402000 KHz - 2472000 KHz @ 40000 KHz), (N/A, 3000 mBm), (N/A)
[   24.421205] cfg80211:   (5170000 KHz - 5250000 KHz @ 80000 KHz, 160000 KHz AUTO), (N/A, 1700 mBm), (N/A)
[   24.421207] cfg80211:   (5250000 KHz - 5330000 KHz @ 80000 KHz, 160000 KHz AUTO), (N/A, 2300 mBm), (0 s)
[   24.421208] cfg80211:   (5735000 KHz - 5835000 KHz @ 80000 KHz), (N/A, 3000 mBm), (N/A)
[   24.421210] cfg80211:   (57240000 KHz - 63720000 KHz @ 2160000 KHz), (N/A, 4000 mBm), (N/A)
[   26.904093] ACPI Warning: \_SB_.PCI0.PEG0.PEGP._DSM: Argument #4 type mismatch - Found [Buffer], ACPI requires [Package] (20150619/nsarguments-95)
[   26.904436] ACPI: \_SB_.PCI0.PEG0.PEGP: failed to evaluate _DSM
[   26.904440] ACPI Warning: \_SB_.PCI0.PEG0.PEGP._DSM: Argument #4 type mismatch - Found [Buffer], ACPI requires [Package] (20150619/nsarguments-95)
[  522.103492] usb 1-5: USB disconnect, device number 3
[  522.103502] usb 1-5.1: USB disconnect, device number 5
[  522.133252] usb 1-5.2: USB disconnect, device number 7
[  522.248106] usb 1-5.3: USB disconnect, device number 8
[  522.488106] usb 1-5: new high-speed USB device number 9 using xhci_hcd
[  522.617219] usb 1-5: New USB device found, idVendor=14cd, idProduct=8601
[  522.617222] usb 1-5: New USB device strings: Mfr=1, Product=3, SerialNumber=0
[  522.617224] usb 1-5: Product: USB 2.0 Hub            
[  522.617225] usb 1-5: Manufacturer: USB Device  
[  522.617722] hub 1-5:1.0: USB hub found
[  522.617798] hub 1-5:1.0: 4 ports detected
[  522.888104] usb 1-5.1: new low-speed USB device number 10 using xhci_hcd
[  522.979818] usb 1-5.1: New USB device found, idVendor=0000, idProduct=0538
[  522.979821] usb 1-5.1: New USB device strings: Mfr=0, Product=1, SerialNumber=0
[  522.979823] usb 1-5.1: Product:  USB OPTICAL MOUSE
[  522.979984] usb 1-5.1: ep 0x81 - rounding interval to 64 microframes, ep desc says 80 microframes
[  522.982339] input:  USB OPTICAL MOUSE as /devices/pci0000:00/0000:00:14.0/usb1/1-5/1-5.1/1-5.1:1.0/0003:0000:0538.0006/input/input18
[  522.982602] hid-generic 0003:0000:0538.0006: input,hidraw1: USB HID v1.11 Mouse [ USB OPTICAL MOUSE] on usb-0000:00:14.0-5.1/input0
[  523.068112] usb 1-5.2: new full-speed USB device number 11 using xhci_hcd
[  523.166051] usb 1-5.2: New USB device found, idVendor=24ae, idProduct=4005
[  523.166056] usb 1-5.2: New USB device strings: Mfr=1, Product=2, SerialNumber=0
[  523.166059] usb 1-5.2: Product: Rapoo Gaming Keyboard
[  523.166061] usb 1-5.2: Manufacturer: Rapoo
[  523.169656] input: Rapoo Rapoo Gaming Keyboard as /devices/pci0000:00/0000:00:14.0/usb1/1-5/1-5.2/1-5.2:1.0/0003:24AE:4005.0007/input/input19
[  523.224688] hid-generic 0003:24AE:4005.0007: input,hidraw2: USB HID v1.10 Keyboard [Rapoo Rapoo Gaming Keyboard] on usb-0000:00:14.0-5.2/input0
[  523.231837] input: Rapoo Rapoo Gaming Keyboard as /devices/pci0000:00/0000:00:14.0/usb1/1-5/1-5.2/1-5.2:1.1/0003:24AE:4005.0008/input/input20
[  523.284558] hid-generic 0003:24AE:4005.0008: input,hiddev0,hidraw3: USB HID v1.10 Mouse [Rapoo Rapoo Gaming Keyboard] on usb-0000:00:14.0-5.2/input1
[  523.287588] hid-generic 0003:24AE:4005.0009: hiddev0,hidraw4: USB HID v1.10 Device [Rapoo Rapoo Gaming Keyboard] on usb-0000:00:14.0-5.2/input2
[  523.372111] usb 1-5.3: new high-speed USB device number 12 using xhci_hcd
[  523.476995] usb 1-5.3: New USB device found, idVendor=14cd, idProduct=8601
[  523.477000] usb 1-5.3: New USB device strings: Mfr=1, Product=3, SerialNumber=0
[  523.477003] usb 1-5.3: Product: USB 2.0 Hub            
[  523.477005] usb 1-5.3: Manufacturer: USB Device  
[  523.477688] hub 1-5.3:1.0: USB hub found
[  523.477801] hub 1-5.3:1.0: 4 ports detected
[  572.512276] Bluetooth: RFCOMM TTY layer initialized
[  572.512283] Bluetooth: RFCOMM socket layer initialized
[  572.512288] Bluetooth: RFCOMM ver 1.11
[  614.126369] usb 1-5.1: USB disconnect, device number 10
[  614.352122] usb 1-5.1: new low-speed USB device number 13 using xhci_hcd
[  614.443766] usb 1-5.1: New USB device found, idVendor=0000, idProduct=0538
[  614.443770] usb 1-5.1: New USB device strings: Mfr=0, Product=1, SerialNumber=0
[  614.443771] usb 1-5.1: Product:  USB OPTICAL MOUSE
[  614.443909] usb 1-5.1: ep 0x81 - rounding interval to 64 microframes, ep desc says 80 microframes
[  614.446435] input:  USB OPTICAL MOUSE as /devices/pci0000:00/0000:00:14.0/usb1/1-5/1-5.1/1-5.1:1.0/0003:0000:0538.000A/input/input21
[  614.446722] hid-generic 0003:0000:0538.000A: input,hidraw1: USB HID v1.11 Mouse [ USB OPTICAL MOUSE] on usb-0000:00:14.0-5.1/input0
[ 3411.524047] SGI XFS with ACLs, security attributes, realtime, no debug enabled
[ 3411.539291] JFS: nTxBlock = 8192, nTxLock = 65536
[ 3411.562815] ntfs: driver 2.1.32 [Flags: R/O MODULE].
[ 3411.587184] QNX4 filesystem 0.2.3 registered.
[ 3411.668031] raid6: sse2x1   gen() 10777 MB/s
[ 3411.736028] raid6: sse2x1   xor()  8395 MB/s
[ 3411.804030] raid6: sse2x2   gen() 13698 MB/s
[ 3411.872039] raid6: sse2x2   xor()  9189 MB/s
[ 3411.940035] raid6: sse2x4   gen() 15660 MB/s
[ 3412.008023] raid6: sse2x4   xor() 11043 MB/s
[ 3412.076022] raid6: avx2x1   gen() 21048 MB/s
[ 3412.144025] raid6: avx2x2   gen() 23833 MB/s
[ 3412.212029] raid6: avx2x4   gen() 27864 MB/s
[ 3412.212030] raid6: using algorithm avx2x4 gen() 27864 MB/s
[ 3412.212031] raid6: using avx2x2 recovery algorithm
[ 3412.263967] xor: automatically using best checksumming function:
[ 3412.300039]    avx       : 32662.000 MB/sec
[ 3412.326085] Btrfs loaded
[ 3412.521827] EXT4-fs (sda10): VFS: Can't find ext4 filesystem
[ 3412.522951] EXT4-fs (sda10): VFS: Can't find ext4 filesystem
[ 3412.523928] EXT4-fs (sda10): VFS: Can't find ext4 filesystem
[ 3412.524895] FAT-fs (sda10): invalid media value (0x3e)
[ 3412.524897] FAT-fs (sda10): Can't find a valid FAT filesystem
[ 3412.528063] XFS (sda10): Invalid superblock magic number
[ 3412.556860] FAT-fs (sda10): invalid media value (0x3e)
[ 3412.556872] FAT-fs (sda10): Can't find a valid FAT filesystem
[ 3412.559626] VFS: Can't find a Minix filesystem V1 | V2 | V3 on device sda10.
[ 3412.582831] hfsplus: unable to find HFS+ superblock
[ 3412.583867] qnx4: no qnx4 filesystem (no root dir).
[ 3412.584634] ufs: You didn't specify the type of your ufs filesystem
               
               mount -t ufs -o ufstype=sun|sunx86|44bsd|ufs2|5xbsd|old|hp|nextstep|nextstep-cd|openstep ...
               
               >>>WARNING<<< Wrong ufstype may corrupt your filesystem, default is ufstype=old
[ 3412.584782] ufs: ufs_fill_super(): bad magic number
[ 3412.586898] hfs: can't find a HFS filesystem on dev sda10
[ 4276.161928] show_signal_msg: 39 callbacks suppressed
[ 4276.161932] plugin-containe[2704]: segfault at 97393fea77c ip 00007f9a2eab8b6e sp 00007ffec7ab6ec0 error 4 in libflashplayer.so[7f9a2e841000+1193000]
